real 4.99
user 27.60
sys 0.51
          4152639488  maximum resident set size
                   0  average shared memory size
                   0  average unshared data size
                   0  average unshared stack size
              256892  page reclaims
                   0  page faults
                   0  swaps
                   0  block input operations
                   0  block output operations
                   0  messages sent
                   0  messages received
                   0  signals received
                   0  voluntary context switches
                6902  involuntary context switches
        416077586147  instructions retired
        110198361214  cycles elapsed
          4010365512  peak memory footprint
