real 3.53
user 15.52
sys 0.54
          4159619072  maximum resident set size
                   0  average shared memory size
                   0  average unshared data size
                   0  average unshared stack size
              255916  page reclaims
                1502  page faults
                   0  swaps
                   0  block input operations
                   0  block output operations
                   0  messages sent
                   0  messages received
                   0  signals received
                  15  voluntary context switches
                5208  involuntary context switches
        251170101935  instructions retired
         63071633763  cycles elapsed
          4017410608  peak memory footprint
