real 3.50
user 15.57
sys 0.49
          4155703296  maximum resident set size
                   0  average shared memory size
                   0  average unshared data size
                   0  average unshared stack size
              257117  page reclaims
                   0  page faults
                   0  swaps
                   0  block input operations
                   0  block output operations
                   0  messages sent
                   0  messages received
                   0  signals received
                   0  voluntary context switches
                4664  involuntary context switches
        250872119340  instructions retired
         62741555072  cycles elapsed
          4013625904  peak memory footprint
