Traceback (most recent call last):
  File "/Users/tianxing/CodexProjects/FilmMaking/Reference/BlenderFilmStudio/blender/render_b61_frames.py", line 284, in <module>
    main()
    ~~~~^^
  File "/Users/tianxing/CodexProjects/FilmMaking/Reference/BlenderFilmStudio/blender/render_b61_frames.py", line 219, in main
    projection = pixel_projection(exr_path)
  File "/Users/tianxing/CodexProjects/FilmMaking/Reference/BlenderFilmStudio/blender/render_b61_frames.py", line 127, in pixel_projection
    means = [value / per_channel_count for value in sums]
             ~~~~~~^~~~~~~~~~~~~~~~~~~
ZeroDivisionError: float division by zero

Error: script failed, file: '/Users/tianxing/CodexProjects/FilmMaking/Reference/BlenderFilmStudio/blender/render_b61_frames.py', exiting.
real 5.02
user 27.61
sys 0.63
          4154998784  maximum resident set size
                   0  average shared memory size
                   0  average unshared data size
                   0  average unshared stack size
              271849  page reclaims
                   0  page faults
                   0  swaps
                   0  block input operations
                   0  block output operations
                  16  messages sent
                   0  messages received
                   0  signals received
                   5  voluntary context switches
                8333  involuntary context switches
        417339697875  instructions retired
        110687457380  cycles elapsed
          4012822992  peak memory footprint
