Traceback (most recent call last):
  File "/Users/tianxing/CodexProjects/FilmMaking/Reference/BlenderFilmStudio/blender/probe_b62_d3_config_surface.py", line 81, in <module>
    main()
    ~~~~^^
  File "/Users/tianxing/CodexProjects/FilmMaking/Reference/BlenderFilmStudio/blender/probe_b62_d3_config_surface.py", line 49, in main
    scene.render.engine = "BLENDER_EEVEE_NEXT"
    ^^^^^^^^^^^^^^^^^^^
TypeError: bpy_struct: item.attr = val: enum "BLENDER_EEVEE_NEXT" not found in ('BLENDER_EEVEE', 'BLENDER_WORKBENCH', 'CYCLES')

Error: script failed, file: '/Users/tianxing/CodexProjects/FilmMaking/Reference/BlenderFilmStudio/blender/probe_b62_d3_config_surface.py', exiting.
real 0.46
user 0.34
sys 0.06
           237944832  maximum resident set size
                   0  average shared memory size
                   0  average unshared data size
                   0  average unshared stack size
               17561  page reclaims
                   0  page faults
                   0  swaps
                   0  block input operations
                   0  block output operations
                  13  messages sent
                   0  messages received
                   0  signals received
                   1  voluntary context switches
                1196  involuntary context switches
          5484614163  instructions retired
          1684092379  cycles elapsed
           120095968  peak memory footprint
