real 3.50
user 1.29
sys 0.23
           275218432  maximum resident set size
                   0  average shared memory size
                   0  average unshared data size
                   0  average unshared stack size
               20284  page reclaims
                   0  page faults
                   0  swaps
                   0  block input operations
                   0  block output operations
                   5  messages sent
                   0  messages received
                   0  signals received
                   1  voluntary context switches
                1397  involuntary context switches
         16116118290  instructions retired
          5143601470  cycles elapsed
           155698352  peak memory footprint
