real 0.68
user 0.52
sys 0.07
           249135104  maximum resident set size
                   0  average shared memory size
                   0  average unshared data size
                   0  average unshared stack size
               18296  page reclaims
                   0  page faults
                   0  swaps
                   0  block input operations
                   0  block output operations
                   5  messages sent
                   0  messages received
                   0  signals received
                   0  voluntary context switches
                1246  involuntary context switches
          6175612707  instructions retired
          2109530984  cycles elapsed
           130221208  peak memory footprint
