real 0.75
user 0.58
sys 0.08
           263208960  maximum resident set size
                   0  average shared memory size
                   0  average unshared data size
                   0  average unshared stack size
               19218  page reclaims
                   0  page faults
                   0  swaps
                   0  block input operations
                   0  block output operations
                   5  messages sent
                   0  messages received
                   0  signals received
                   1  voluntary context switches
                1343  involuntary context switches
          6627344295  instructions retired
          2316238747  cycles elapsed
           144082072  peak memory footprint
