real 0.70
user 0.54
sys 0.07
           248217600  maximum resident set size
                   0  average shared memory size
                   0  average unshared data size
                   0  average unshared stack size
               18256  page reclaims
                   0  page faults
                   0  swaps
                   0  block input operations
                   0  block output operations
                   5  messages sent
                   0  messages received
                   0  signals received
                   0  voluntary context switches
                1204  involuntary context switches
          6175354969  instructions retired
          2105279353  cycles elapsed
           129336448  peak memory footprint
