real 0.69
user 0.51
sys 0.08
           243105792  maximum resident set size
                   0  average shared memory size
                   0  average unshared data size
                   0  average unshared stack size
               17946  page reclaims
                   0  page faults
                   0  swaps
                   0  block input operations
                   0  block output operations
                   5  messages sent
                   0  messages received
                   0  signals received
                   0  voluntary context switches
                1365  involuntary context switches
          5735553874  instructions retired
          2038531336  cycles elapsed
           126108824  peak memory footprint
