/Users/tianxing/CodexProjects/FilmMaking/Reference/BlenderFilmStudio/blender/generate_b62_phase0_assets.py:133: DeprecationWarning: 'Material.use_nodes' is expected to be removed in Blender 6.0
  mat.use_nodes = True
/Users/tianxing/CodexProjects/FilmMaking/Reference/BlenderFilmStudio/blender/generate_b62_phase0_assets.py:365: DeprecationWarning: 'Material.use_nodes' is expected to be removed in Blender 6.0
  volume_mat.use_nodes = True
/Users/tianxing/CodexProjects/FilmMaking/Reference/BlenderFilmStudio/blender/generate_b62_phase0_assets.py:557: DeprecationWarning: 'Material.use_nodes' is expected to be removed in Blender 6.0
  if not mat.use_nodes or mat.node_tree is None:
/Users/tianxing/CodexProjects/FilmMaking/Reference/BlenderFilmStudio/blender/generate_b62_phase0_assets.py:529: DeprecationWarning: 'World.use_nodes' is expected to be removed in Blender 6.0
  scene.world.use_nodes = True
BFS_B62_PHASE0_GENERATION_ERROR TypeError: bpy_struct: item.attr = val: enum "Medium High Contrast" not found in ('None', 'ACES 1.3 Reference Gamut Compression')
real 0.70
user 1.01
sys 0.74
           262062080  maximum resident set size
                   0  average shared memory size
                   0  average unshared data size
                   0  average unshared stack size
               19109  page reclaims
                   0  page faults
                   0  swaps
                   0  block input operations
                   0  block output operations
                  12  messages sent
                   0  messages received
                   0  signals received
                   2  voluntary context switches
               22401  involuntary context switches
         10830624094  instructions retired
          6550736821  cycles elapsed
           143443168  peak memory footprint
