real 624.00
user 5358.90
sys 525.01
          2039627776  maximum resident set size
                   0  average shared memory size
                   0  average unshared data size
                   0  average unshared stack size
            82946411  page reclaims
             1226140  page faults
                   0  swaps
                   0  block input operations
                   0  block output operations
               14731  messages sent
                   0  messages received
               20322  signals received
               61905  voluntary context switches
             6608647  involuntary context switches
            67723221  instructions retired
            38137901  cycles elapsed
             1327296  peak memory footprint
