real 5.13
user 1.24
sys 0.24
           513622016  maximum resident set size
                   0  average shared memory size
                   0  average unshared data size
                   0  average unshared stack size
               38349  page reclaims
                 265  page faults
                   0  swaps
                   0  block input operations
                   0  block output operations
                   3  messages sent
                   0  messages received
                   0  signals received
                  69  voluntary context switches
                5805  involuntary context switches
         14341077449  instructions retired
          4742099289  cycles elapsed
          1049003712  peak memory footprint
