real 0.64
user 0.48
sys 0.08
           242958336  maximum resident set size
                   0  average shared memory size
                   0  average unshared data size
                   0  average unshared stack size
               18038  page reclaims
                   0  page faults
                   0  swaps
                   0  block input operations
                   0  block output operations
                  13  messages sent
                   0  messages received
                   0  signals received
                   0  voluntary context switches
                1372  involuntary context switches
          5611969468  instructions retired
          2019191079  cycles elapsed
           126354560  peak memory footprint
