real 602.59
user 5362.15
sys 531.73
          2056978432  maximum resident set size
                   0  average shared memory size
                   0  average unshared data size
                   0  average unshared stack size
            82632121  page reclaims
             1215726  page faults
                   0  swaps
                   0  block input operations
                   0  block output operations
               14735  messages sent
                   0  messages received
               20352  signals received
               48859  voluntary context switches
             5857181  involuntary context switches
            66450904  instructions retired
            35707079  cycles elapsed
             1343680  peak memory footprint
