usage: Blender [-h] --repository-root REPOSITORY_ROOT --spec SPEC
               --output OUTPUT
Blender: error: the following arguments are required: --repository-root, --spec, --output
real 0.45
user 0.34
sys 0.05
           241991680  maximum resident set size
                   0  average shared memory size
                   0  average unshared data size
                   0  average unshared stack size
               17813  page reclaims
                   0  page faults
                   0  swaps
                   0  block input operations
                   0  block output operations
                   3  messages sent
                   0  messages received
                   0  signals received
                   0  voluntary context switches
                1294  involuntary context switches
          5618501810  instructions retired
          1700905501  cycles elapsed
           124011744  peak memory footprint
