real 3.06
user 1.01
sys 0.25
           443023360  maximum resident set size
                   0  average shared memory size
                   0  average unshared data size
                   0  average unshared stack size
               32541  page reclaims
                 425  page faults
                   0  swaps
                   0  block input operations
                   0  block output operations
                  12  messages sent
                   0  messages received
                   0  signals received
                  42  voluntary context switches
                3717  involuntary context switches
         13298204875  instructions retired
          4307666352  cycles elapsed
          1400178344  peak memory footprint
