real 1.88
user 9.78
sys 0.18
           386826240  maximum resident set size
                   0  average shared memory size
                   0  average unshared data size
                   0  average unshared stack size
               27182  page reclaims
                   0  page faults
                   0  swaps
                   0  block input operations
                   0  block output operations
                  12  messages sent
                   0  messages received
                   0  signals received
                   1  voluntary context switches
                9759  involuntary context switches
        103300242209  instructions retired
         32473446203  cycles elapsed
           267519416  peak memory footprint
