real 0.65
user 0.49
sys 0.08
           242565120  maximum resident set size
                   0  average shared memory size
                   0  average unshared data size
                   0  average unshared stack size
               18085  page reclaims
                   0  page faults
                   0  swaps
                   0  block input operations
                   0  block output operations
                  12  messages sent
                   0  messages received
                   0  signals received
                   0  voluntary context switches
                1329  involuntary context switches
          5778063988  instructions retired
          2040747656  cycles elapsed
           125600848  peak memory footprint
