real 0.64
user 0.48
sys 0.07
           244449280  maximum resident set size
                   0  average shared memory size
                   0  average unshared data size
                   0  average unshared stack size
               18183  page reclaims
                   0  page faults
                   0  swaps
                   0  block input operations
                   0  block output operations
                   9  messages sent
                   0  messages received
                   0  signals received
                   0  voluntary context switches
                1282  involuntary context switches
          5736050858  instructions retired
          2001454494  cycles elapsed
           125846632  peak memory footprint
