real 0.63
user 0.48
sys 0.08
           242188288  maximum resident set size
                   0  average shared memory size
                   0  average unshared data size
                   0  average unshared stack size
               18033  page reclaims
                   0  page faults
                   0  swaps
                   0  block input operations
                   0  block output operations
                  10  messages sent
                   0  messages received
                   0  signals received
                   0  voluntary context switches
                1250  involuntary context switches
          5624634408  instructions retired
          2006866152  cycles elapsed
           125256856  peak memory footprint
