real 0.65
user 0.49
sys 0.08
           245497856  maximum resident set size
                   0  average shared memory size
                   0  average unshared data size
                   0  average unshared stack size
               18254  page reclaims
                   0  page faults
                   0  swaps
                   0  block input operations
                   0  block output operations
                  10  messages sent
                   0  messages received
                   0  signals received
                   0  voluntary context switches
                1373  involuntary context switches
          5790751073  instructions retired
          2056319129  cycles elapsed
           127042712  peak memory footprint
