real 0.63
user 0.48
sys 0.08
           242221056  maximum resident set size
                   0  average shared memory size
                   0  average unshared data size
                   0  average unshared stack size
               18047  page reclaims
                   0  page faults
                   0  swaps
                   0  block input operations
                   0  block output operations
                  10  messages sent
                   0  messages received
                   0  signals received
                   0  voluntary context switches
                1358  involuntary context switches
          5635922581  instructions retired
          2013579420  cycles elapsed
           125142096  peak memory footprint
