real 0.63
user 0.48
sys 0.07
           242008064  maximum resident set size
                   0  average shared memory size
                   0  average unshared data size
                   0  average unshared stack size
               18018  page reclaims
                   0  page faults
                   0  swaps
                   0  block input operations
                   0  block output operations
                  10  messages sent
                   0  messages received
                   0  signals received
                   1  voluntary context switches
                1113  involuntary context switches
          5614687425  instructions retired
          1987869562  cycles elapsed
           124945512  peak memory footprint
