real 0.66
user 0.50
sys 0.08
           240959488  maximum resident set size
                   0  average shared memory size
                   0  average unshared data size
                   0  average unshared stack size
               17925  page reclaims
                   0  page faults
                   0  swaps
                   0  block input operations
                   0  block output operations
                   9  messages sent
                   0  messages received
                   0  signals received
                  18  voluntary context switches
                1278  involuntary context switches
          5919305174  instructions retired
          2068593870  cycles elapsed
           123946136  peak memory footprint
