real 0.69
user 0.52
sys 0.09
           258097152  maximum resident set size
                   0  average shared memory size
                   0  average unshared data size
                   0  average unshared stack size
               19096  page reclaims
                   0  page faults
                   0  swaps
                   0  block input operations
                   0  block output operations
                   9  messages sent
                   0  messages received
                   0  signals received
                   0  voluntary context switches
                1694  involuntary context switches
          6032919641  instructions retired
          2159075961  cycles elapsed
           136643736  peak memory footprint
