real 0.68
user 0.53
sys 0.09
           255819776  maximum resident set size
                   0  average shared memory size
                   0  average unshared data size
                   0  average unshared stack size
               18970  page reclaims
                   0  page faults
                   0  swaps
                   0  block input operations
                   0  block output operations
                   9  messages sent
                   0  messages received
                   0  signals received
                   0  voluntary context switches
                2131  involuntary context switches
          6035829264  instructions retired
          2182843796  cycles elapsed
           134317208  peak memory footprint
