real 0.66
user 0.50
sys 0.08
           243744768  maximum resident set size
                   0  average shared memory size
                   0  average unshared data size
                   0  average unshared stack size
               18127  page reclaims
                   0  page faults
                   0  swaps
                   0  block input operations
                   0  block output operations
                  11  messages sent
                   0  messages received
                   0  signals received
                   1  voluntary context switches
                1456  involuntary context switches
          5720949093  instructions retired
          2056091795  cycles elapsed
           126616704  peak memory footprint
