real 538.46
user 4929.75
sys 481.35
          2045116416  maximum resident set size
                   0  average shared memory size
                   0  average unshared data size
                   0  average unshared stack size
            83083460  page reclaims
             1214312  page faults
                   0  swaps
                   0  block input operations
                   0  block output operations
               14731  messages sent
                   0  messages received
               20353  signals received
               48447  voluntary context switches
             2071117  involuntary context switches
            66381086  instructions retired
            33399247  cycles elapsed
             1360064  peak memory footprint
