real 0.46
user 0.35
sys 0.05
           237944832  maximum resident set size
                   0  average shared memory size
                   0  average unshared data size
                   0  average unshared stack size
               17561  page reclaims
                   0  page faults
                   0  swaps
                   0  block input operations
                   0  block output operations
                   9  messages sent
                   0  messages received
                   0  signals received
                   5  voluntary context switches
                1131  involuntary context switches
          5486576798  instructions retired
          1675773447  cycles elapsed
           120079536  peak memory footprint
