real 532.79
user 4936.84
sys 492.76
          2048344064  maximum resident set size
                   0  average shared memory size
                   0  average unshared data size
                   0  average unshared stack size
            82739407  page reclaims
             1231529  page faults
                   0  swaps
                   0  block input operations
                   0  block output operations
               14731  messages sent
                   0  messages received
               20360  signals received
               54403  voluntary context switches
             1583946  involuntary context switches
            66030250  instructions retired
            29928210  cycles elapsed
             1360064  peak memory footprint
