real 0.46
user 0.34
sys 0.05
           241074176  maximum resident set size
                   0  average shared memory size
                   0  average unshared data size
                   0  average unshared stack size
               17760  page reclaims
                   0  page faults
                   0  swaps
                   0  block input operations
                   0  block output operations
                   3  messages sent
                   0  messages received
                   0  signals received
                   1  voluntary context switches
                1326  involuntary context switches
          5593832367  instructions retired
          1701490784  cycles elapsed
           123094168  peak memory footprint
