real 1.09
user 0.56
sys 0.19
           253509632  maximum resident set size
                   0  average shared memory size
                   0  average unshared data size
                   0  average unshared stack size
               14726  page reclaims
                3882  page faults
                   0  swaps
                   0  block input operations
                   0  block output operations
                   5  messages sent
                   0  messages received
                   0  signals received
                 708  voluntary context switches
                3317  involuntary context switches
          6936700978  instructions retired
          2570894697  cycles elapsed
           134055040  peak memory footprint
