real 0.37
user 0.00
sys 0.00
             9191424  maximum resident set size
                   0  average shared memory size
                   0  average unshared data size
                   0  average unshared stack size
                 736  page reclaims
                   1  page faults
                   0  swaps
                   0  block input operations
                   0  block output operations
                   1  messages sent
                   0  messages received
                   0  signals received
                   0  voluntary context switches
                  34  involuntary context switches
            46553779  instructions retired
            22156207  cycles elapsed
             5652840  peak memory footprint
