real 0.58
user 0.46
sys 0.05
           241401856  maximum resident set size
                   0  average shared memory size
                   0  average unshared data size
                   0  average unshared stack size
               17854  page reclaims
                  11  page faults
                   0  swaps
                   0  block input operations
                   0  block output operations
                   4  messages sent
                   0  messages received
                   0  signals received
                   0  voluntary context switches
                1320  involuntary context switches
          5687445811  instructions retired
          1827239585  cycles elapsed
           124699776  peak memory footprint
