real 0.48
user 0.37
sys 0.05
           247824384  maximum resident set size
                   0  average shared memory size
                   0  average unshared data size
                   0  average unshared stack size
               18171  page reclaims
                   0  page faults
                   0  swaps
                   0  block input operations
                   0  block output operations
                   8  messages sent
                   0  messages received
                   0  signals received
                   1  voluntary context switches
                1045  involuntary context switches
          6153487877  instructions retired
          1768300681  cycles elapsed
           127321288  peak memory footprint
