real 2.21
user 0.23
sys 0.06
           130662400  maximum resident set size
                   0  average shared memory size
                   0  average unshared data size
                   0  average unshared stack size
                9550  page reclaims
                   0  page faults
                   0  swaps
                   0  block input operations
                   0  block output operations
                   1  messages sent
                   0  messages received
                   0  signals received
                  13  voluntary context switches
                  97  involuntary context switches
          3154170669  instructions retired
           991340944  cycles elapsed
            48874432  peak memory footprint
