real 3.64
user 1.27
sys 0.26
           269565952  maximum resident set size
                   0  average shared memory size
                   0  average unshared data size
                   0  average unshared stack size
               19731  page reclaims
                   0  page faults
                   0  swaps
                   0  block input operations
                   0  block output operations
                  12  messages sent
                   0  messages received
                   0  signals received
                  36  voluntary context switches
                1654  involuntary context switches
         16037478298  instructions retired
          5408826527  cycles elapsed
           152650928  peak memory footprint
