real 0.64
user 0.48
sys 0.08
           243580928  maximum resident set size
                   0  average shared memory size
                   0  average unshared data size
                   0  average unshared stack size
               18123  page reclaims
                   0  page faults
                   0  swaps
                   0  block input operations
                   0  block output operations
                   9  messages sent
                   0  messages received
                   0  signals received
                   1  voluntary context switches
                1283  involuntary context switches
          5748453288  instructions retired
          2028685200  cycles elapsed
           125043912  peak memory footprint
