real 0.63
user 0.47
sys 0.07
           240631808  maximum resident set size
                   0  average shared memory size
                   0  average unshared data size
                   0  average unshared stack size
               17928  page reclaims
                   0  page faults
                   0  swaps
                   0  block input operations
                   0  block output operations
                  10  messages sent
                   0  messages received
                   0  signals received
                   0  voluntary context switches
                1276  involuntary context switches
          5621072513  instructions retired
          1982528600  cycles elapsed
           123618408  peak memory footprint
