real 0.64
user 0.49
sys 0.08
           245448704  maximum resident set size
                   0  average shared memory size
                   0  average unshared data size
                   0  average unshared stack size
               18253  page reclaims
                   0  page faults
                   0  swaps
                   0  block input operations
                   0  block output operations
                  10  messages sent
                   0  messages received
                   0  signals received
                   0  voluntary context switches
                1304  involuntary context switches
          5788420860  instructions retired
          2053150670  cycles elapsed
           126944384  peak memory footprint
