real 0.63
user 0.48
sys 0.07
           241270784  maximum resident set size
                   0  average shared memory size
                   0  average unshared data size
                   0  average unshared stack size
               17982  page reclaims
                   0  page faults
                   0  swaps
                   0  block input operations
                   0  block output operations
                  10  messages sent
                   0  messages received
                   0  signals received
                   0  voluntary context switches
                1190  involuntary context switches
          5622357225  instructions retired
          1994395208  cycles elapsed
           124257432  peak memory footprint
