real 0.63
user 0.48
sys 0.08
           241025024  maximum resident set size
                   0  average shared memory size
                   0  average unshared data size
                   0  average unshared stack size
               17976  page reclaims
                   0  page faults
                   0  swaps
                   0  block input operations
                   0  block output operations
                  10  messages sent
                   0  messages received
                   0  signals received
                   1  voluntary context switches
                1266  involuntary context switches
          5620491892  instructions retired
          2006732750  cycles elapsed
           124060824  peak memory footprint
