00:00.005  color_management | Using OCIO=/Users/tianxing/CodexProjects/FilmMaking/Reference/BlenderFilmStudio/color/ocio/cg-config-v4.0.0_aces-v2.0_ocio-v2.5.ocio
00:00.059  color_management | WARNING Display "sRGB" used by scene not found, setting to "sRGB - Display".
00:00.059  color_management | WARNING scene view "AgX" not found, setting to "ACES 2.0 - SDR 100 nits (Rec.709)".
00:00.059  color_management | WARNING Display "sRGB" used by scene output not found, setting to "sRGB - Display".
00:00.059  color_management | WARNING scene output view "Standard" not found, setting to "Un-tone-mapped".
00:00.059  color_management | WARNING sequencer colorspace "sRGB" not found, will use default instead.
00:00.251  blend            | Read blend: "/Users/tianxing/CodexProjects/FilmMaking/Reference/BlenderFilmStudio/experiments/b62-phase0-v0-4/scene/B62_PHASE0_MASTER.blend"
00:00.493  render           | Saved: '/Users/tianxing/CodexProjects/FilmMaking/Reference/BlenderFilmStudio/experiments/b62-phase0-v0-4/animatic/frame-0001.png'
00:00.605  render           | Saved: '/Users/tianxing/CodexProjects/FilmMaking/Reference/BlenderFilmStudio/experiments/b62-phase0-v0-4/animatic/frame-0002.png'
00:00.709  render           | Saved: '/Users/tianxing/CodexProjects/FilmMaking/Reference/BlenderFilmStudio/experiments/b62-phase0-v0-4/animatic/frame-0003.png'
00:00.811  render           | Saved: '/Users/tianxing/CodexProjects/FilmMaking/Reference/BlenderFilmStudio/experiments/b62-phase0-v0-4/animatic/frame-0004.png'
00:00.913  render           | Saved: '/Users/tianxing/CodexProjects/FilmMaking/Reference/BlenderFilmStudio/experiments/b62-phase0-v0-4/animatic/frame-0005.png'
00:01.018  render           | Saved: '/Users/tianxing/CodexProjects/FilmMaking/Reference/BlenderFilmStudio/experiments/b62-phase0-v0-4/animatic/frame-0006.png'
00:01.122  render           | Saved: '/Users/tianxing/CodexProjects/FilmMaking/Reference/BlenderFilmStudio/experiments/b62-phase0-v0-4/animatic/frame-0007.png'
00:01.224  render           | Saved: '/Users/tianxing/CodexProjects/FilmMaking/Reference/BlenderFilmStudio/experiments/b62-phase0-v0-4/animatic/frame-0008.png'
00:01.325  render           | Saved: '/Users/tianxing/CodexProjects/FilmMaking/Reference/BlenderFilmStudio/experiments/b62-phase0-v0-4/animatic/frame-0009.png'
00:01.432  render           | Saved: '/Users/tianxing/CodexProjects/FilmMaking/Reference/BlenderFilmStudio/experiments/b62-phase0-v0-4/animatic/frame-0010.png'
00:01.533  render           | Saved: '/Users/tianxing/CodexProjects/FilmMaking/Reference/BlenderFilmStudio/experiments/b62-phase0-v0-4/animatic/frame-0011.png'
00:01.635  render           | Saved: '/Users/tianxing/CodexProjects/FilmMaking/Reference/BlenderFilmStudio/experiments/b62-phase0-v0-4/animatic/frame-0012.png'
00:01.739  render           | Saved: '/Users/tianxing/CodexProjects/FilmMaking/Reference/BlenderFilmStudio/experiments/b62-phase0-v0-4/animatic/frame-0013.png'
00:01.847  render           | Saved: '/Users/tianxing/CodexProjects/FilmMaking/Reference/BlenderFilmStudio/experiments/b62-phase0-v0-4/animatic/frame-0014.png'
00:01.949  render           | Saved: '/Users/tianxing/CodexProjects/FilmMaking/Reference/BlenderFilmStudio/experiments/b62-phase0-v0-4/animatic/frame-0015.png'
00:02.053  render           | Saved: '/Users/tianxing/CodexProjects/FilmMaking/Reference/BlenderFilmStudio/experiments/b62-phase0-v0-4/animatic/frame-0016.png'
00:02.157  render           | Saved: '/Users/tianxing/CodexProjects/FilmMaking/Reference/BlenderFilmStudio/experiments/b62-phase0-v0-4/animatic/frame-0017.png'
00:02.260  render           | Saved: '/Users/tianxing/CodexProjects/FilmMaking/Reference/BlenderFilmStudio/experiments/b62-phase0-v0-4/animatic/frame-0018.png'
00:02.365  render           | Saved: '/Users/tianxing/CodexProjects/FilmMaking/Reference/BlenderFilmStudio/experiments/b62-phase0-v0-4/animatic/frame-0019.png'
00:02.466  render           | Saved: '/Users/tianxing/CodexProjects/FilmMaking/Reference/BlenderFilmStudio/experiments/b62-phase0-v0-4/animatic/frame-0020.png'
00:02.571  render           | Saved: '/Users/tianxing/CodexProjects/FilmMaking/Reference/BlenderFilmStudio/experiments/b62-phase0-v0-4/animatic/frame-0021.png'
00:02.676  render           | Saved: '/Users/tianxing/CodexProjects/FilmMaking/Reference/BlenderFilmStudio/experiments/b62-phase0-v0-4/animatic/frame-0022.png'
00:02.777  render           | Saved: '/Users/tianxing/CodexProjects/FilmMaking/Reference/BlenderFilmStudio/experiments/b62-phase0-v0-4/animatic/frame-0023.png'
00:02.880  render           | Saved: '/Users/tianxing/CodexProjects/FilmMaking/Reference/BlenderFilmStudio/experiments/b62-phase0-v0-4/animatic/frame-0024.png'
00:02.980  render           | Saved: '/Users/tianxing/CodexProjects/FilmMaking/Reference/BlenderFilmStudio/experiments/b62-phase0-v0-4/animatic/frame-0025.png'
00:03.082  render           | Saved: '/Users/tianxing/CodexProjects/FilmMaking/Reference/BlenderFilmStudio/experiments/b62-phase0-v0-4/animatic/frame-0026.png'
00:03.183  render           | Saved: '/Users/tianxing/CodexProjects/FilmMaking/Reference/BlenderFilmStudio/experiments/b62-phase0-v0-4/animatic/frame-0027.png'
00:03.285  render           | Saved: '/Users/tianxing/CodexProjects/FilmMaking/Reference/BlenderFilmStudio/experiments/b62-phase0-v0-4/animatic/frame-0028.png'
00:03.391  render           | Saved: '/Users/tianxing/CodexProjects/FilmMaking/Reference/BlenderFilmStudio/experiments/b62-phase0-v0-4/animatic/frame-0029.png'
00:03.494  render           | Saved: '/Users/tianxing/CodexProjects/FilmMaking/Reference/BlenderFilmStudio/experiments/b62-phase0-v0-4/animatic/frame-0030.png'
00:03.598  render           | Saved: '/Users/tianxing/CodexProjects/FilmMaking/Reference/BlenderFilmStudio/experiments/b62-phase0-v0-4/animatic/frame-0031.png'
00:03.699  render           | Saved: '/Users/tianxing/CodexProjects/FilmMaking/Reference/BlenderFilmStudio/experiments/b62-phase0-v0-4/animatic/frame-0032.png'
00:03.803  render           | Saved: '/Users/tianxing/CodexProjects/FilmMaking/Reference/BlenderFilmStudio/experiments/b62-phase0-v0-4/animatic/frame-0033.png'
00:03.908  render           | Saved: '/Users/tianxing/CodexProjects/FilmMaking/Reference/BlenderFilmStudio/experiments/b62-phase0-v0-4/animatic/frame-0034.png'
00:04.008  render           | Saved: '/Users/tianxing/CodexProjects/FilmMaking/Reference/BlenderFilmStudio/experiments/b62-phase0-v0-4/animatic/frame-0035.png'
00:04.108  render           | Saved: '/Users/tianxing/CodexProjects/FilmMaking/Reference/BlenderFilmStudio/experiments/b62-phase0-v0-4/animatic/frame-0036.png'
00:04.214  render           | Saved: '/Users/tianxing/CodexProjects/FilmMaking/Reference/BlenderFilmStudio/experiments/b62-phase0-v0-4/animatic/frame-0037.png'
00:04.322  render           | Saved: '/Users/tianxing/CodexProjects/FilmMaking/Reference/BlenderFilmStudio/experiments/b62-phase0-v0-4/animatic/frame-0038.png'
00:04.424  render           | Saved: '/Users/tianxing/CodexProjects/FilmMaking/Reference/BlenderFilmStudio/experiments/b62-phase0-v0-4/animatic/frame-0039.png'
00:04.527  render           | Saved: '/Users/tianxing/CodexProjects/FilmMaking/Reference/BlenderFilmStudio/experiments/b62-phase0-v0-4/animatic/frame-0040.png'
00:04.630  render           | Saved: '/Users/tianxing/CodexProjects/FilmMaking/Reference/BlenderFilmStudio/experiments/b62-phase0-v0-4/animatic/frame-0041.png'
00:04.730  render           | Saved: '/Users/tianxing/CodexProjects/FilmMaking/Reference/BlenderFilmStudio/experiments/b62-phase0-v0-4/animatic/frame-0042.png'
00:04.835  render           | Saved: '/Users/tianxing/CodexProjects/FilmMaking/Reference/BlenderFilmStudio/experiments/b62-phase0-v0-4/animatic/frame-0043.png'
00:04.936  render           | Saved: '/Users/tianxing/CodexProjects/FilmMaking/Reference/BlenderFilmStudio/experiments/b62-phase0-v0-4/animatic/frame-0044.png'
00:05.038  render           | Saved: '/Users/tianxing/CodexProjects/FilmMaking/Reference/BlenderFilmStudio/experiments/b62-phase0-v0-4/animatic/frame-0045.png'
00:05.142  render           | Saved: '/Users/tianxing/CodexProjects/FilmMaking/Reference/BlenderFilmStudio/experiments/b62-phase0-v0-4/animatic/frame-0046.png'
00:05.246  render           | Saved: '/Users/tianxing/CodexProjects/FilmMaking/Reference/BlenderFilmStudio/experiments/b62-phase0-v0-4/animatic/frame-0047.png'
00:05.347  render           | Saved: '/Users/tianxing/CodexProjects/FilmMaking/Reference/BlenderFilmStudio/experiments/b62-phase0-v0-4/animatic/frame-0048.png'
00:05.447  render           | Saved: '/Users/tianxing/CodexProjects/FilmMaking/Reference/BlenderFilmStudio/experiments/b62-phase0-v0-4/animatic/frame-0049.png'
00:05.547  render           | Saved: '/Users/tianxing/CodexProjects/FilmMaking/Reference/BlenderFilmStudio/experiments/b62-phase0-v0-4/animatic/frame-0050.png'
00:05.647  render           | Saved: '/Users/tianxing/CodexProjects/FilmMaking/Reference/BlenderFilmStudio/experiments/b62-phase0-v0-4/animatic/frame-0051.png'
00:05.750  render           | Saved: '/Users/tianxing/CodexProjects/FilmMaking/Reference/BlenderFilmStudio/experiments/b62-phase0-v0-4/animatic/frame-0052.png'
00:05.855  render           | Saved: '/Users/tianxing/CodexProjects/FilmMaking/Reference/BlenderFilmStudio/experiments/b62-phase0-v0-4/animatic/frame-0053.png'
00:05.955  render           | Saved: '/Users/tianxing/CodexProjects/FilmMaking/Reference/BlenderFilmStudio/experiments/b62-phase0-v0-4/animatic/frame-0054.png'
00:06.056  render           | Saved: '/Users/tianxing/CodexProjects/FilmMaking/Reference/BlenderFilmStudio/experiments/b62-phase0-v0-4/animatic/frame-0055.png'
00:06.155  render           | Saved: '/Users/tianxing/CodexProjects/FilmMaking/Reference/BlenderFilmStudio/experiments/b62-phase0-v0-4/animatic/frame-0056.png'
00:06.256  render           | Saved: '/Users/tianxing/CodexProjects/FilmMaking/Reference/BlenderFilmStudio/experiments/b62-phase0-v0-4/animatic/frame-0057.png'
00:06.360  render           | Saved: '/Users/tianxing/CodexProjects/FilmMaking/Reference/BlenderFilmStudio/experiments/b62-phase0-v0-4/animatic/frame-0058.png'
00:06.466  render           | Saved: '/Users/tianxing/CodexProjects/FilmMaking/Reference/BlenderFilmStudio/experiments/b62-phase0-v0-4/animatic/frame-0059.png'
00:06.569  render           | Saved: '/Users/tianxing/CodexProjects/FilmMaking/Reference/BlenderFilmStudio/experiments/b62-phase0-v0-4/animatic/frame-0060.png'
00:06.671  render           | Saved: '/Users/tianxing/CodexProjects/FilmMaking/Reference/BlenderFilmStudio/experiments/b62-phase0-v0-4/animatic/frame-0061.png'
00:06.776  render           | Saved: '/Users/tianxing/CodexProjects/FilmMaking/Reference/BlenderFilmStudio/experiments/b62-phase0-v0-4/animatic/frame-0062.png'
00:06.877  render           | Saved: '/Users/tianxing/CodexProjects/FilmMaking/Reference/BlenderFilmStudio/experiments/b62-phase0-v0-4/animatic/frame-0063.png'
00:06.977  render           | Saved: '/Users/tianxing/CodexProjects/FilmMaking/Reference/BlenderFilmStudio/experiments/b62-phase0-v0-4/animatic/frame-0064.png'
00:07.080  render           | Saved: '/Users/tianxing/CodexProjects/FilmMaking/Reference/BlenderFilmStudio/experiments/b62-phase0-v0-4/animatic/frame-0065.png'
00:07.182  render           | Saved: '/Users/tianxing/CodexProjects/FilmMaking/Reference/BlenderFilmStudio/experiments/b62-phase0-v0-4/animatic/frame-0066.png'
00:07.283  render           | Saved: '/Users/tianxing/CodexProjects/FilmMaking/Reference/BlenderFilmStudio/experiments/b62-phase0-v0-4/animatic/frame-0067.png'
00:07.386  render           | Saved: '/Users/tianxing/CodexProjects/FilmMaking/Reference/BlenderFilmStudio/experiments/b62-phase0-v0-4/animatic/frame-0068.png'
00:07.490  render           | Saved: '/Users/tianxing/CodexProjects/FilmMaking/Reference/BlenderFilmStudio/experiments/b62-phase0-v0-4/animatic/frame-0069.png'
00:07.591  render           | Saved: '/Users/tianxing/CodexProjects/FilmMaking/Reference/BlenderFilmStudio/experiments/b62-phase0-v0-4/animatic/frame-0070.png'
00:07.697  render           | Saved: '/Users/tianxing/CodexProjects/FilmMaking/Reference/BlenderFilmStudio/experiments/b62-phase0-v0-4/animatic/frame-0071.png'
00:07.802  render           | Saved: '/Users/tianxing/CodexProjects/FilmMaking/Reference/BlenderFilmStudio/experiments/b62-phase0-v0-4/animatic/frame-0072.png'
00:07.905  render           | Saved: '/Users/tianxing/CodexProjects/FilmMaking/Reference/BlenderFilmStudio/experiments/b62-phase0-v0-4/animatic/frame-0073.png'
00:08.009  render           | Saved: '/Users/tianxing/CodexProjects/FilmMaking/Reference/BlenderFilmStudio/experiments/b62-phase0-v0-4/animatic/frame-0074.png'
00:08.110  render           | Saved: '/Users/tianxing/CodexProjects/FilmMaking/Reference/BlenderFilmStudio/experiments/b62-phase0-v0-4/animatic/frame-0075.png'
00:08.215  render           | Saved: '/Users/tianxing/CodexProjects/FilmMaking/Reference/BlenderFilmStudio/experiments/b62-phase0-v0-4/animatic/frame-0076.png'
00:08.317  render           | Saved: '/Users/tianxing/CodexProjects/FilmMaking/Reference/BlenderFilmStudio/experiments/b62-phase0-v0-4/animatic/frame-0077.png'
00:08.418  render           | Saved: '/Users/tianxing/CodexProjects/FilmMaking/Reference/BlenderFilmStudio/experiments/b62-phase0-v0-4/animatic/frame-0078.png'
00:08.516  render           | Saved: '/Users/tianxing/CodexProjects/FilmMaking/Reference/BlenderFilmStudio/experiments/b62-phase0-v0-4/animatic/frame-0079.png'
00:08.619  render           | Saved: '/Users/tianxing/CodexProjects/FilmMaking/Reference/BlenderFilmStudio/experiments/b62-phase0-v0-4/animatic/frame-0080.png'
00:08.723  render           | Saved: '/Users/tianxing/CodexProjects/FilmMaking/Reference/BlenderFilmStudio/experiments/b62-phase0-v0-4/animatic/frame-0081.png'
00:08.827  render           | Saved: '/Users/tianxing/CodexProjects/FilmMaking/Reference/BlenderFilmStudio/experiments/b62-phase0-v0-4/animatic/frame-0082.png'
00:08.927  render           | Saved: '/Users/tianxing/CodexProjects/FilmMaking/Reference/BlenderFilmStudio/experiments/b62-phase0-v0-4/animatic/frame-0083.png'
00:09.028  render           | Saved: '/Users/tianxing/CodexProjects/FilmMaking/Reference/BlenderFilmStudio/experiments/b62-phase0-v0-4/animatic/frame-0084.png'
00:09.133  render           | Saved: '/Users/tianxing/CodexProjects/FilmMaking/Reference/BlenderFilmStudio/experiments/b62-phase0-v0-4/animatic/frame-0085.png'
00:09.233  render           | Saved: '/Users/tianxing/CodexProjects/FilmMaking/Reference/BlenderFilmStudio/experiments/b62-phase0-v0-4/animatic/frame-0086.png'
00:09.335  render           | Saved: '/Users/tianxing/CodexProjects/FilmMaking/Reference/BlenderFilmStudio/experiments/b62-phase0-v0-4/animatic/frame-0087.png'
00:09.438  render           | Saved: '/Users/tianxing/CodexProjects/FilmMaking/Reference/BlenderFilmStudio/experiments/b62-phase0-v0-4/animatic/frame-0088.png'
00:09.541  render           | Saved: '/Users/tianxing/CodexProjects/FilmMaking/Reference/BlenderFilmStudio/experiments/b62-phase0-v0-4/animatic/frame-0089.png'
00:09.643  render           | Saved: '/Users/tianxing/CodexProjects/FilmMaking/Reference/BlenderFilmStudio/experiments/b62-phase0-v0-4/animatic/frame-0090.png'
00:09.744  render           | Saved: '/Users/tianxing/CodexProjects/FilmMaking/Reference/BlenderFilmStudio/experiments/b62-phase0-v0-4/animatic/frame-0091.png'
00:09.846  render           | Saved: '/Users/tianxing/CodexProjects/FilmMaking/Reference/BlenderFilmStudio/experiments/b62-phase0-v0-4/animatic/frame-0092.png'
00:09.949  render           | Saved: '/Users/tianxing/CodexProjects/FilmMaking/Reference/BlenderFilmStudio/experiments/b62-phase0-v0-4/animatic/frame-0093.png'
00:10.052  render           | Saved: '/Users/tianxing/CodexProjects/FilmMaking/Reference/BlenderFilmStudio/experiments/b62-phase0-v0-4/animatic/frame-0094.png'
00:10.154  render           | Saved: '/Users/tianxing/CodexProjects/FilmMaking/Reference/BlenderFilmStudio/experiments/b62-phase0-v0-4/animatic/frame-0095.png'
00:10.257  render           | Saved: '/Users/tianxing/CodexProjects/FilmMaking/Reference/BlenderFilmStudio/experiments/b62-phase0-v0-4/animatic/frame-0096.png'
00:10.358  render           | Saved: '/Users/tianxing/CodexProjects/FilmMaking/Reference/BlenderFilmStudio/experiments/b62-phase0-v0-4/animatic/frame-0097.png'
00:10.463  render           | Saved: '/Users/tianxing/CodexProjects/FilmMaking/Reference/BlenderFilmStudio/experiments/b62-phase0-v0-4/animatic/frame-0098.png'
00:10.566  render           | Saved: '/Users/tianxing/CodexProjects/FilmMaking/Reference/BlenderFilmStudio/experiments/b62-phase0-v0-4/animatic/frame-0099.png'
00:10.672  render           | Saved: '/Users/tianxing/CodexProjects/FilmMaking/Reference/BlenderFilmStudio/experiments/b62-phase0-v0-4/animatic/frame-0100.png'
00:10.774  render           | Saved: '/Users/tianxing/CodexProjects/FilmMaking/Reference/BlenderFilmStudio/experiments/b62-phase0-v0-4/animatic/frame-0101.png'
00:10.879  render           | Saved: '/Users/tianxing/CodexProjects/FilmMaking/Reference/BlenderFilmStudio/experiments/b62-phase0-v0-4/animatic/frame-0102.png'
00:10.983  render           | Saved: '/Users/tianxing/CodexProjects/FilmMaking/Reference/BlenderFilmStudio/experiments/b62-phase0-v0-4/animatic/frame-0103.png'
00:11.087  render           | Saved: '/Users/tianxing/CodexProjects/FilmMaking/Reference/BlenderFilmStudio/experiments/b62-phase0-v0-4/animatic/frame-0104.png'
00:11.197  render           | Saved: '/Users/tianxing/CodexProjects/FilmMaking/Reference/BlenderFilmStudio/experiments/b62-phase0-v0-4/animatic/frame-0105.png'
00:11.301  render           | Saved: '/Users/tianxing/CodexProjects/FilmMaking/Reference/BlenderFilmStudio/experiments/b62-phase0-v0-4/animatic/frame-0106.png'
00:11.408  render           | Saved: '/Users/tianxing/CodexProjects/FilmMaking/Reference/BlenderFilmStudio/experiments/b62-phase0-v0-4/animatic/frame-0107.png'
00:11.511  render           | Saved: '/Users/tianxing/CodexProjects/FilmMaking/Reference/BlenderFilmStudio/experiments/b62-phase0-v0-4/animatic/frame-0108.png'
00:11.615  render           | Saved: '/Users/tianxing/CodexProjects/FilmMaking/Reference/BlenderFilmStudio/experiments/b62-phase0-v0-4/animatic/frame-0109.png'
00:11.717  render           | Saved: '/Users/tianxing/CodexProjects/FilmMaking/Reference/BlenderFilmStudio/experiments/b62-phase0-v0-4/animatic/frame-0110.png'
00:11.819  render           | Saved: '/Users/tianxing/CodexProjects/FilmMaking/Reference/BlenderFilmStudio/experiments/b62-phase0-v0-4/animatic/frame-0111.png'
00:11.922  render           | Saved: '/Users/tianxing/CodexProjects/FilmMaking/Reference/BlenderFilmStudio/experiments/b62-phase0-v0-4/animatic/frame-0112.png'
00:12.026  render           | Saved: '/Users/tianxing/CodexProjects/FilmMaking/Reference/BlenderFilmStudio/experiments/b62-phase0-v0-4/animatic/frame-0113.png'
00:12.130  render           | Saved: '/Users/tianxing/CodexProjects/FilmMaking/Reference/BlenderFilmStudio/experiments/b62-phase0-v0-4/animatic/frame-0114.png'
00:12.233  render           | Saved: '/Users/tianxing/CodexProjects/FilmMaking/Reference/BlenderFilmStudio/experiments/b62-phase0-v0-4/animatic/frame-0115.png'
00:12.341  render           | Saved: '/Users/tianxing/CodexProjects/FilmMaking/Reference/BlenderFilmStudio/experiments/b62-phase0-v0-4/animatic/frame-0116.png'
00:12.449  render           | Saved: '/Users/tianxing/CodexProjects/FilmMaking/Reference/BlenderFilmStudio/experiments/b62-phase0-v0-4/animatic/frame-0117.png'
00:12.553  render           | Saved: '/Users/tianxing/CodexProjects/FilmMaking/Reference/BlenderFilmStudio/experiments/b62-phase0-v0-4/animatic/frame-0118.png'
00:12.657  render           | Saved: '/Users/tianxing/CodexProjects/FilmMaking/Reference/BlenderFilmStudio/experiments/b62-phase0-v0-4/animatic/frame-0119.png'
00:12.758  render           | Saved: '/Users/tianxing/CodexProjects/FilmMaking/Reference/BlenderFilmStudio/experiments/b62-phase0-v0-4/animatic/frame-0120.png'
00:12.861  render           | Saved: '/Users/tianxing/CodexProjects/FilmMaking/Reference/BlenderFilmStudio/experiments/b62-phase0-v0-4/animatic/frame-0121.png'
00:12.963  render           | Saved: '/Users/tianxing/CodexProjects/FilmMaking/Reference/BlenderFilmStudio/experiments/b62-phase0-v0-4/animatic/frame-0122.png'
00:13.068  render           | Saved: '/Users/tianxing/CodexProjects/FilmMaking/Reference/BlenderFilmStudio/experiments/b62-phase0-v0-4/animatic/frame-0123.png'
00:13.173  render           | Saved: '/Users/tianxing/CodexProjects/FilmMaking/Reference/BlenderFilmStudio/experiments/b62-phase0-v0-4/animatic/frame-0124.png'
00:13.275  render           | Saved: '/Users/tianxing/CodexProjects/FilmMaking/Reference/BlenderFilmStudio/experiments/b62-phase0-v0-4/animatic/frame-0125.png'
00:13.378  render           | Saved: '/Users/tianxing/CodexProjects/FilmMaking/Reference/BlenderFilmStudio/experiments/b62-phase0-v0-4/animatic/frame-0126.png'
00:13.480  render           | Saved: '/Users/tianxing/CodexProjects/FilmMaking/Reference/BlenderFilmStudio/experiments/b62-phase0-v0-4/animatic/frame-0127.png'
00:13.583  render           | Saved: '/Users/tianxing/CodexProjects/FilmMaking/Reference/BlenderFilmStudio/experiments/b62-phase0-v0-4/animatic/frame-0128.png'
00:13.686  render           | Saved: '/Users/tianxing/CodexProjects/FilmMaking/Reference/BlenderFilmStudio/experiments/b62-phase0-v0-4/animatic/frame-0129.png'
00:13.789  render           | Saved: '/Users/tianxing/CodexProjects/FilmMaking/Reference/BlenderFilmStudio/experiments/b62-phase0-v0-4/animatic/frame-0130.png'
00:13.888  render           | Saved: '/Users/tianxing/CodexProjects/FilmMaking/Reference/BlenderFilmStudio/experiments/b62-phase0-v0-4/animatic/frame-0131.png'
00:13.991  render           | Saved: '/Users/tianxing/CodexProjects/FilmMaking/Reference/BlenderFilmStudio/experiments/b62-phase0-v0-4/animatic/frame-0132.png'
00:14.100  render           | Saved: '/Users/tianxing/CodexProjects/FilmMaking/Reference/BlenderFilmStudio/experiments/b62-phase0-v0-4/animatic/frame-0133.png'
00:14.202  render           | Saved: '/Users/tianxing/CodexProjects/FilmMaking/Reference/BlenderFilmStudio/experiments/b62-phase0-v0-4/animatic/frame-0134.png'
00:14.303  render           | Saved: '/Users/tianxing/CodexProjects/FilmMaking/Reference/BlenderFilmStudio/experiments/b62-phase0-v0-4/animatic/frame-0135.png'
00:14.405  render           | Saved: '/Users/tianxing/CodexProjects/FilmMaking/Reference/BlenderFilmStudio/experiments/b62-phase0-v0-4/animatic/frame-0136.png'
00:14.510  render           | Saved: '/Users/tianxing/CodexProjects/FilmMaking/Reference/BlenderFilmStudio/experiments/b62-phase0-v0-4/animatic/frame-0137.png'
00:14.611  render           | Saved: '/Users/tianxing/CodexProjects/FilmMaking/Reference/BlenderFilmStudio/experiments/b62-phase0-v0-4/animatic/frame-0138.png'
00:14.715  render           | Saved: '/Users/tianxing/CodexProjects/FilmMaking/Reference/BlenderFilmStudio/experiments/b62-phase0-v0-4/animatic/frame-0139.png'
00:14.817  render           | Saved: '/Users/tianxing/CodexProjects/FilmMaking/Reference/BlenderFilmStudio/experiments/b62-phase0-v0-4/animatic/frame-0140.png'
00:14.919  render           | Saved: '/Users/tianxing/CodexProjects/FilmMaking/Reference/BlenderFilmStudio/experiments/b62-phase0-v0-4/animatic/frame-0141.png'
00:15.022  render           | Saved: '/Users/tianxing/CodexProjects/FilmMaking/Reference/BlenderFilmStudio/experiments/b62-phase0-v0-4/animatic/frame-0142.png'
00:15.129  render           | Saved: '/Users/tianxing/CodexProjects/FilmMaking/Reference/BlenderFilmStudio/experiments/b62-phase0-v0-4/animatic/frame-0143.png'
00:15.233  render           | Saved: '/Users/tianxing/CodexProjects/FilmMaking/Reference/BlenderFilmStudio/experiments/b62-phase0-v0-4/animatic/frame-0144.png'
00:15.335  render           | Saved: '/Users/tianxing/CodexProjects/FilmMaking/Reference/BlenderFilmStudio/experiments/b62-phase0-v0-4/animatic/frame-0145.png'
00:15.435  render           | Saved: '/Users/tianxing/CodexProjects/FilmMaking/Reference/BlenderFilmStudio/experiments/b62-phase0-v0-4/animatic/frame-0146.png'
00:15.540  render           | Saved: '/Users/tianxing/CodexProjects/FilmMaking/Reference/BlenderFilmStudio/experiments/b62-phase0-v0-4/animatic/frame-0147.png'
00:15.641  render           | Saved: '/Users/tianxing/CodexProjects/FilmMaking/Reference/BlenderFilmStudio/experiments/b62-phase0-v0-4/animatic/frame-0148.png'
00:15.746  render           | Saved: '/Users/tianxing/CodexProjects/FilmMaking/Reference/BlenderFilmStudio/experiments/b62-phase0-v0-4/animatic/frame-0149.png'
00:15.848  render           | Saved: '/Users/tianxing/CodexProjects/FilmMaking/Reference/BlenderFilmStudio/experiments/b62-phase0-v0-4/animatic/frame-0150.png'
00:15.952  render           | Saved: '/Users/tianxing/CodexProjects/FilmMaking/Reference/BlenderFilmStudio/experiments/b62-phase0-v0-4/animatic/frame-0151.png'
00:16.057  render           | Saved: '/Users/tianxing/CodexProjects/FilmMaking/Reference/BlenderFilmStudio/experiments/b62-phase0-v0-4/animatic/frame-0152.png'
00:16.158  render           | Saved: '/Users/tianxing/CodexProjects/FilmMaking/Reference/BlenderFilmStudio/experiments/b62-phase0-v0-4/animatic/frame-0153.png'
00:16.261  render           | Saved: '/Users/tianxing/CodexProjects/FilmMaking/Reference/BlenderFilmStudio/experiments/b62-phase0-v0-4/animatic/frame-0154.png'
00:16.365  render           | Saved: '/Users/tianxing/CodexProjects/FilmMaking/Reference/BlenderFilmStudio/experiments/b62-phase0-v0-4/animatic/frame-0155.png'
00:16.468  render           | Saved: '/Users/tianxing/CodexProjects/FilmMaking/Reference/BlenderFilmStudio/experiments/b62-phase0-v0-4/animatic/frame-0156.png'
00:16.574  render           | Saved: '/Users/tianxing/CodexProjects/FilmMaking/Reference/BlenderFilmStudio/experiments/b62-phase0-v0-4/animatic/frame-0157.png'
00:16.677  render           | Saved: '/Users/tianxing/CodexProjects/FilmMaking/Reference/BlenderFilmStudio/experiments/b62-phase0-v0-4/animatic/frame-0158.png'
00:16.778  render           | Saved: '/Users/tianxing/CodexProjects/FilmMaking/Reference/BlenderFilmStudio/experiments/b62-phase0-v0-4/animatic/frame-0159.png'
00:16.881  render           | Saved: '/Users/tianxing/CodexProjects/FilmMaking/Reference/BlenderFilmStudio/experiments/b62-phase0-v0-4/animatic/frame-0160.png'
00:16.985  render           | Saved: '/Users/tianxing/CodexProjects/FilmMaking/Reference/BlenderFilmStudio/experiments/b62-phase0-v0-4/animatic/frame-0161.png'
00:17.089  render           | Saved: '/Users/tianxing/CodexProjects/FilmMaking/Reference/BlenderFilmStudio/experiments/b62-phase0-v0-4/animatic/frame-0162.png'
00:17.193  render           | Saved: '/Users/tianxing/CodexProjects/FilmMaking/Reference/BlenderFilmStudio/experiments/b62-phase0-v0-4/animatic/frame-0163.png'
00:17.295  render           | Saved: '/Users/tianxing/CodexProjects/FilmMaking/Reference/BlenderFilmStudio/experiments/b62-phase0-v0-4/animatic/frame-0164.png'
00:17.399  render           | Saved: '/Users/tianxing/CodexProjects/FilmMaking/Reference/BlenderFilmStudio/experiments/b62-phase0-v0-4/animatic/frame-0165.png'
00:17.502  render           | Saved: '/Users/tianxing/CodexProjects/FilmMaking/Reference/BlenderFilmStudio/experiments/b62-phase0-v0-4/animatic/frame-0166.png'
00:17.606  render           | Saved: '/Users/tianxing/CodexProjects/FilmMaking/Reference/BlenderFilmStudio/experiments/b62-phase0-v0-4/animatic/frame-0167.png'
00:17.708  render           | Saved: '/Users/tianxing/CodexProjects/FilmMaking/Reference/BlenderFilmStudio/experiments/b62-phase0-v0-4/animatic/frame-0168.png'
00:17.811  render           | Saved: '/Users/tianxing/CodexProjects/FilmMaking/Reference/BlenderFilmStudio/experiments/b62-phase0-v0-4/animatic/frame-0169.png'
00:17.916  render           | Saved: '/Users/tianxing/CodexProjects/FilmMaking/Reference/BlenderFilmStudio/experiments/b62-phase0-v0-4/animatic/frame-0170.png'
00:18.016  render           | Saved: '/Users/tianxing/CodexProjects/FilmMaking/Reference/BlenderFilmStudio/experiments/b62-phase0-v0-4/animatic/frame-0171.png'
00:18.121  render           | Saved: '/Users/tianxing/CodexProjects/FilmMaking/Reference/BlenderFilmStudio/experiments/b62-phase0-v0-4/animatic/frame-0172.png'
00:18.224  render           | Saved: '/Users/tianxing/CodexProjects/FilmMaking/Reference/BlenderFilmStudio/experiments/b62-phase0-v0-4/animatic/frame-0173.png'
00:18.326  render           | Saved: '/Users/tianxing/CodexProjects/FilmMaking/Reference/BlenderFilmStudio/experiments/b62-phase0-v0-4/animatic/frame-0174.png'
00:18.432  render           | Saved: '/Users/tianxing/CodexProjects/FilmMaking/Reference/BlenderFilmStudio/experiments/b62-phase0-v0-4/animatic/frame-0175.png'
00:18.539  render           | Saved: '/Users/tianxing/CodexProjects/FilmMaking/Reference/BlenderFilmStudio/experiments/b62-phase0-v0-4/animatic/frame-0176.png'
00:18.644  render           | Saved: '/Users/tianxing/CodexProjects/FilmMaking/Reference/BlenderFilmStudio/experiments/b62-phase0-v0-4/animatic/frame-0177.png'
00:18.748  render           | Saved: '/Users/tianxing/CodexProjects/FilmMaking/Reference/BlenderFilmStudio/experiments/b62-phase0-v0-4/animatic/frame-0178.png'
00:18.854  render           | Saved: '/Users/tianxing/CodexProjects/FilmMaking/Reference/BlenderFilmStudio/experiments/b62-phase0-v0-4/animatic/frame-0179.png'
00:18.955  render           | Saved: '/Users/tianxing/CodexProjects/FilmMaking/Reference/BlenderFilmStudio/experiments/b62-phase0-v0-4/animatic/frame-0180.png'
00:19.061  render           | Saved: '/Users/tianxing/CodexProjects/FilmMaking/Reference/BlenderFilmStudio/experiments/b62-phase0-v0-4/animatic/frame-0181.png'
00:19.165  render           | Saved: '/Users/tianxing/CodexProjects/FilmMaking/Reference/BlenderFilmStudio/experiments/b62-phase0-v0-4/animatic/frame-0182.png'
00:19.269  render           | Saved: '/Users/tianxing/CodexProjects/FilmMaking/Reference/BlenderFilmStudio/experiments/b62-phase0-v0-4/animatic/frame-0183.png'
00:19.372  render           | Saved: '/Users/tianxing/CodexProjects/FilmMaking/Reference/BlenderFilmStudio/experiments/b62-phase0-v0-4/animatic/frame-0184.png'
00:19.475  render           | Saved: '/Users/tianxing/CodexProjects/FilmMaking/Reference/BlenderFilmStudio/experiments/b62-phase0-v0-4/animatic/frame-0185.png'
00:19.575  render           | Saved: '/Users/tianxing/CodexProjects/FilmMaking/Reference/BlenderFilmStudio/experiments/b62-phase0-v0-4/animatic/frame-0186.png'
00:19.679  render           | Saved: '/Users/tianxing/CodexProjects/FilmMaking/Reference/BlenderFilmStudio/experiments/b62-phase0-v0-4/animatic/frame-0187.png'
00:19.785  render           | Saved: '/Users/tianxing/CodexProjects/FilmMaking/Reference/BlenderFilmStudio/experiments/b62-phase0-v0-4/animatic/frame-0188.png'
00:19.889  render           | Saved: '/Users/tianxing/CodexProjects/FilmMaking/Reference/BlenderFilmStudio/experiments/b62-phase0-v0-4/animatic/frame-0189.png'
00:19.991  render           | Saved: '/Users/tianxing/CodexProjects/FilmMaking/Reference/BlenderFilmStudio/experiments/b62-phase0-v0-4/animatic/frame-0190.png'
00:20.094  render           | Saved: '/Users/tianxing/CodexProjects/FilmMaking/Reference/BlenderFilmStudio/experiments/b62-phase0-v0-4/animatic/frame-0191.png'
00:20.197  render           | Saved: '/Users/tianxing/CodexProjects/FilmMaking/Reference/BlenderFilmStudio/experiments/b62-phase0-v0-4/animatic/frame-0192.png'
00:20.297  render           | Saved: '/Users/tianxing/CodexProjects/FilmMaking/Reference/BlenderFilmStudio/experiments/b62-phase0-v0-4/animatic/frame-0193.png'
00:20.402  render           | Saved: '/Users/tianxing/CodexProjects/FilmMaking/Reference/BlenderFilmStudio/experiments/b62-phase0-v0-4/animatic/frame-0194.png'
00:20.505  render           | Saved: '/Users/tianxing/CodexProjects/FilmMaking/Reference/BlenderFilmStudio/experiments/b62-phase0-v0-4/animatic/frame-0195.png'
00:20.608  render           | Saved: '/Users/tianxing/CodexProjects/FilmMaking/Reference/BlenderFilmStudio/experiments/b62-phase0-v0-4/animatic/frame-0196.png'
00:20.714  render           | Saved: '/Users/tianxing/CodexProjects/FilmMaking/Reference/BlenderFilmStudio/experiments/b62-phase0-v0-4/animatic/frame-0197.png'
00:20.816  render           | Saved: '/Users/tianxing/CodexProjects/FilmMaking/Reference/BlenderFilmStudio/experiments/b62-phase0-v0-4/animatic/frame-0198.png'
00:20.924  render           | Saved: '/Users/tianxing/CodexProjects/FilmMaking/Reference/BlenderFilmStudio/experiments/b62-phase0-v0-4/animatic/frame-0199.png'
00:21.029  render           | Saved: '/Users/tianxing/CodexProjects/FilmMaking/Reference/BlenderFilmStudio/experiments/b62-phase0-v0-4/animatic/frame-0200.png'
00:21.131  render           | Saved: '/Users/tianxing/CodexProjects/FilmMaking/Reference/BlenderFilmStudio/experiments/b62-phase0-v0-4/animatic/frame-0201.png'
00:21.233  render           | Saved: '/Users/tianxing/CodexProjects/FilmMaking/Reference/BlenderFilmStudio/experiments/b62-phase0-v0-4/animatic/frame-0202.png'
00:21.342  render           | Saved: '/Users/tianxing/CodexProjects/FilmMaking/Reference/BlenderFilmStudio/experiments/b62-phase0-v0-4/animatic/frame-0203.png'
00:21.441  render           | Saved: '/Users/tianxing/CodexProjects/FilmMaking/Reference/BlenderFilmStudio/experiments/b62-phase0-v0-4/animatic/frame-0204.png'
00:21.542  render           | Saved: '/Users/tianxing/CodexProjects/FilmMaking/Reference/BlenderFilmStudio/experiments/b62-phase0-v0-4/animatic/frame-0205.png'
00:21.645  render           | Saved: '/Users/tianxing/CodexProjects/FilmMaking/Reference/BlenderFilmStudio/experiments/b62-phase0-v0-4/animatic/frame-0206.png'
00:21.752  render           | Saved: '/Users/tianxing/CodexProjects/FilmMaking/Reference/BlenderFilmStudio/experiments/b62-phase0-v0-4/animatic/frame-0207.png'
00:21.855  render           | Saved: '/Users/tianxing/CodexProjects/FilmMaking/Reference/BlenderFilmStudio/experiments/b62-phase0-v0-4/animatic/frame-0208.png'
00:21.958  render           | Saved: '/Users/tianxing/CodexProjects/FilmMaking/Reference/BlenderFilmStudio/experiments/b62-phase0-v0-4/animatic/frame-0209.png'
00:22.062  render           | Saved: '/Users/tianxing/CodexProjects/FilmMaking/Reference/BlenderFilmStudio/experiments/b62-phase0-v0-4/animatic/frame-0210.png'
00:22.165  render           | Saved: '/Users/tianxing/CodexProjects/FilmMaking/Reference/BlenderFilmStudio/experiments/b62-phase0-v0-4/animatic/frame-0211.png'
00:22.265  render           | Saved: '/Users/tianxing/CodexProjects/FilmMaking/Reference/BlenderFilmStudio/experiments/b62-phase0-v0-4/animatic/frame-0212.png'
00:22.368  render           | Saved: '/Users/tianxing/CodexProjects/FilmMaking/Reference/BlenderFilmStudio/experiments/b62-phase0-v0-4/animatic/frame-0213.png'
00:22.472  render           | Saved: '/Users/tianxing/CodexProjects/FilmMaking/Reference/BlenderFilmStudio/experiments/b62-phase0-v0-4/animatic/frame-0214.png'
00:22.573  render           | Saved: '/Users/tianxing/CodexProjects/FilmMaking/Reference/BlenderFilmStudio/experiments/b62-phase0-v0-4/animatic/frame-0215.png'
00:22.676  render           | Saved: '/Users/tianxing/CodexProjects/FilmMaking/Reference/BlenderFilmStudio/experiments/b62-phase0-v0-4/animatic/frame-0216.png'
00:22.782  render           | Saved: '/Users/tianxing/CodexProjects/FilmMaking/Reference/BlenderFilmStudio/experiments/b62-phase0-v0-4/animatic/frame-0217.png'
00:22.885  render           | Saved: '/Users/tianxing/CodexProjects/FilmMaking/Reference/BlenderFilmStudio/experiments/b62-phase0-v0-4/animatic/frame-0218.png'
00:22.990  render           | Saved: '/Users/tianxing/CodexProjects/FilmMaking/Reference/BlenderFilmStudio/experiments/b62-phase0-v0-4/animatic/frame-0219.png'
00:23.094  render           | Saved: '/Users/tianxing/CodexProjects/FilmMaking/Reference/BlenderFilmStudio/experiments/b62-phase0-v0-4/animatic/frame-0220.png'
00:23.197  render           | Saved: '/Users/tianxing/CodexProjects/FilmMaking/Reference/BlenderFilmStudio/experiments/b62-phase0-v0-4/animatic/frame-0221.png'
00:23.300  render           | Saved: '/Users/tianxing/CodexProjects/FilmMaking/Reference/BlenderFilmStudio/experiments/b62-phase0-v0-4/animatic/frame-0222.png'
00:23.402  render           | Saved: '/Users/tianxing/CodexProjects/FilmMaking/Reference/BlenderFilmStudio/experiments/b62-phase0-v0-4/animatic/frame-0223.png'
00:23.507  render           | Saved: '/Users/tianxing/CodexProjects/FilmMaking/Reference/BlenderFilmStudio/experiments/b62-phase0-v0-4/animatic/frame-0224.png'
00:23.610  render           | Saved: '/Users/tianxing/CodexProjects/FilmMaking/Reference/BlenderFilmStudio/experiments/b62-phase0-v0-4/animatic/frame-0225.png'
00:23.715  render           | Saved: '/Users/tianxing/CodexProjects/FilmMaking/Reference/BlenderFilmStudio/experiments/b62-phase0-v0-4/animatic/frame-0226.png'
00:23.816  render           | Saved: '/Users/tianxing/CodexProjects/FilmMaking/Reference/BlenderFilmStudio/experiments/b62-phase0-v0-4/animatic/frame-0227.png'
00:23.922  render           | Saved: '/Users/tianxing/CodexProjects/FilmMaking/Reference/BlenderFilmStudio/experiments/b62-phase0-v0-4/animatic/frame-0228.png'
00:24.022  render           | Saved: '/Users/tianxing/CodexProjects/FilmMaking/Reference/BlenderFilmStudio/experiments/b62-phase0-v0-4/animatic/frame-0229.png'
00:24.125  render           | Saved: '/Users/tianxing/CodexProjects/FilmMaking/Reference/BlenderFilmStudio/experiments/b62-phase0-v0-4/animatic/frame-0230.png'
00:24.226  render           | Saved: '/Users/tianxing/CodexProjects/FilmMaking/Reference/BlenderFilmStudio/experiments/b62-phase0-v0-4/animatic/frame-0231.png'
00:24.327  render           | Saved: '/Users/tianxing/CodexProjects/FilmMaking/Reference/BlenderFilmStudio/experiments/b62-phase0-v0-4/animatic/frame-0232.png'
00:24.433  render           | Saved: '/Users/tianxing/CodexProjects/FilmMaking/Reference/BlenderFilmStudio/experiments/b62-phase0-v0-4/animatic/frame-0233.png'
00:24.538  render           | Saved: '/Users/tianxing/CodexProjects/FilmMaking/Reference/BlenderFilmStudio/experiments/b62-phase0-v0-4/animatic/frame-0234.png'
00:24.644  render           | Saved: '/Users/tianxing/CodexProjects/FilmMaking/Reference/BlenderFilmStudio/experiments/b62-phase0-v0-4/animatic/frame-0235.png'
00:24.750  render           | Saved: '/Users/tianxing/CodexProjects/FilmMaking/Reference/BlenderFilmStudio/experiments/b62-phase0-v0-4/animatic/frame-0236.png'
00:24.853  render           | Saved: '/Users/tianxing/CodexProjects/FilmMaking/Reference/BlenderFilmStudio/experiments/b62-phase0-v0-4/animatic/frame-0237.png'
00:24.957  render           | Saved: '/Users/tianxing/CodexProjects/FilmMaking/Reference/BlenderFilmStudio/experiments/b62-phase0-v0-4/animatic/frame-0238.png'
00:25.060  render           | Saved: '/Users/tianxing/CodexProjects/FilmMaking/Reference/BlenderFilmStudio/experiments/b62-phase0-v0-4/animatic/frame-0239.png'
00:25.163  render           | Saved: '/Users/tianxing/CodexProjects/FilmMaking/Reference/BlenderFilmStudio/experiments/b62-phase0-v0-4/animatic/frame-0240.png'
00:25.266  render           | Saved: '/Users/tianxing/CodexProjects/FilmMaking/Reference/BlenderFilmStudio/experiments/b62-phase0-v0-4/animatic/frame-0241.png'
00:25.370  render           | Saved: '/Users/tianxing/CodexProjects/FilmMaking/Reference/BlenderFilmStudio/experiments/b62-phase0-v0-4/animatic/frame-0242.png'
00:25.472  render           | Saved: '/Users/tianxing/CodexProjects/FilmMaking/Reference/BlenderFilmStudio/experiments/b62-phase0-v0-4/animatic/frame-0243.png'
00:25.575  render           | Saved: '/Users/tianxing/CodexProjects/FilmMaking/Reference/BlenderFilmStudio/experiments/b62-phase0-v0-4/animatic/frame-0244.png'
00:25.678  render           | Saved: '/Users/tianxing/CodexProjects/FilmMaking/Reference/BlenderFilmStudio/experiments/b62-phase0-v0-4/animatic/frame-0245.png'
00:25.783  render           | Saved: '/Users/tianxing/CodexProjects/FilmMaking/Reference/BlenderFilmStudio/experiments/b62-phase0-v0-4/animatic/frame-0246.png'
00:25.886  render           | Saved: '/Users/tianxing/CodexProjects/FilmMaking/Reference/BlenderFilmStudio/experiments/b62-phase0-v0-4/animatic/frame-0247.png'
00:25.986  render           | Saved: '/Users/tianxing/CodexProjects/FilmMaking/Reference/BlenderFilmStudio/experiments/b62-phase0-v0-4/animatic/frame-0248.png'
00:26.090  render           | Saved: '/Users/tianxing/CodexProjects/FilmMaking/Reference/BlenderFilmStudio/experiments/b62-phase0-v0-4/animatic/frame-0249.png'
00:26.193  render           | Saved: '/Users/tianxing/CodexProjects/FilmMaking/Reference/BlenderFilmStudio/experiments/b62-phase0-v0-4/animatic/frame-0250.png'
00:26.297  render           | Saved: '/Users/tianxing/CodexProjects/FilmMaking/Reference/BlenderFilmStudio/experiments/b62-phase0-v0-4/animatic/frame-0251.png'
00:26.399  render           | Saved: '/Users/tianxing/CodexProjects/FilmMaking/Reference/BlenderFilmStudio/experiments/b62-phase0-v0-4/animatic/frame-0252.png'
00:26.505  render           | Saved: '/Users/tianxing/CodexProjects/FilmMaking/Reference/BlenderFilmStudio/experiments/b62-phase0-v0-4/animatic/frame-0253.png'
00:26.608  render           | Saved: '/Users/tianxing/CodexProjects/FilmMaking/Reference/BlenderFilmStudio/experiments/b62-phase0-v0-4/animatic/frame-0254.png'
00:26.710  render           | Saved: '/Users/tianxing/CodexProjects/FilmMaking/Reference/BlenderFilmStudio/experiments/b62-phase0-v0-4/animatic/frame-0255.png'
00:26.815  render           | Saved: '/Users/tianxing/CodexProjects/FilmMaking/Reference/BlenderFilmStudio/experiments/b62-phase0-v0-4/animatic/frame-0256.png'
00:26.922  render           | Saved: '/Users/tianxing/CodexProjects/FilmMaking/Reference/BlenderFilmStudio/experiments/b62-phase0-v0-4/animatic/frame-0257.png'
00:27.027  render           | Saved: '/Users/tianxing/CodexProjects/FilmMaking/Reference/BlenderFilmStudio/experiments/b62-phase0-v0-4/animatic/frame-0258.png'
00:27.130  render           | Saved: '/Users/tianxing/CodexProjects/FilmMaking/Reference/BlenderFilmStudio/experiments/b62-phase0-v0-4/animatic/frame-0259.png'
00:27.233  render           | Saved: '/Users/tianxing/CodexProjects/FilmMaking/Reference/BlenderFilmStudio/experiments/b62-phase0-v0-4/animatic/frame-0260.png'
00:27.336  render           | Saved: '/Users/tianxing/CodexProjects/FilmMaking/Reference/BlenderFilmStudio/experiments/b62-phase0-v0-4/animatic/frame-0261.png'
00:27.443  render           | Saved: '/Users/tianxing/CodexProjects/FilmMaking/Reference/BlenderFilmStudio/experiments/b62-phase0-v0-4/animatic/frame-0262.png'
00:27.550  render           | Saved: '/Users/tianxing/CodexProjects/FilmMaking/Reference/BlenderFilmStudio/experiments/b62-phase0-v0-4/animatic/frame-0263.png'
00:27.655  render           | Saved: '/Users/tianxing/CodexProjects/FilmMaking/Reference/BlenderFilmStudio/experiments/b62-phase0-v0-4/animatic/frame-0264.png'
00:27.757  render           | Saved: '/Users/tianxing/CodexProjects/FilmMaking/Reference/BlenderFilmStudio/experiments/b62-phase0-v0-4/animatic/frame-0265.png'
00:27.861  render           | Saved: '/Users/tianxing/CodexProjects/FilmMaking/Reference/BlenderFilmStudio/experiments/b62-phase0-v0-4/animatic/frame-0266.png'
00:27.961  render           | Saved: '/Users/tianxing/CodexProjects/FilmMaking/Reference/BlenderFilmStudio/experiments/b62-phase0-v0-4/animatic/frame-0267.png'
00:28.064  render           | Saved: '/Users/tianxing/CodexProjects/FilmMaking/Reference/BlenderFilmStudio/experiments/b62-phase0-v0-4/animatic/frame-0268.png'
00:28.167  render           | Saved: '/Users/tianxing/CodexProjects/FilmMaking/Reference/BlenderFilmStudio/experiments/b62-phase0-v0-4/animatic/frame-0269.png'
00:28.273  render           | Saved: '/Users/tianxing/CodexProjects/FilmMaking/Reference/BlenderFilmStudio/experiments/b62-phase0-v0-4/animatic/frame-0270.png'
00:28.377  render           | Saved: '/Users/tianxing/CodexProjects/FilmMaking/Reference/BlenderFilmStudio/experiments/b62-phase0-v0-4/animatic/frame-0271.png'
00:28.482  render           | Saved: '/Users/tianxing/CodexProjects/FilmMaking/Reference/BlenderFilmStudio/experiments/b62-phase0-v0-4/animatic/frame-0272.png'
00:28.588  render           | Saved: '/Users/tianxing/CodexProjects/FilmMaking/Reference/BlenderFilmStudio/experiments/b62-phase0-v0-4/animatic/frame-0273.png'
00:28.691  render           | Saved: '/Users/tianxing/CodexProjects/FilmMaking/Reference/BlenderFilmStudio/experiments/b62-phase0-v0-4/animatic/frame-0274.png'
00:28.798  render           | Saved: '/Users/tianxing/CodexProjects/FilmMaking/Reference/BlenderFilmStudio/experiments/b62-phase0-v0-4/animatic/frame-0275.png'
00:28.900  render           | Saved: '/Users/tianxing/CodexProjects/FilmMaking/Reference/BlenderFilmStudio/experiments/b62-phase0-v0-4/animatic/frame-0276.png'
00:29.005  render           | Saved: '/Users/tianxing/CodexProjects/FilmMaking/Reference/BlenderFilmStudio/experiments/b62-phase0-v0-4/animatic/frame-0277.png'
00:29.111  render           | Saved: '/Users/tianxing/CodexProjects/FilmMaking/Reference/BlenderFilmStudio/experiments/b62-phase0-v0-4/animatic/frame-0278.png'
00:29.215  render           | Saved: '/Users/tianxing/CodexProjects/FilmMaking/Reference/BlenderFilmStudio/experiments/b62-phase0-v0-4/animatic/frame-0279.png'
00:29.319  render           | Saved: '/Users/tianxing/CodexProjects/FilmMaking/Reference/BlenderFilmStudio/experiments/b62-phase0-v0-4/animatic/frame-0280.png'
00:29.425  render           | Saved: '/Users/tianxing/CodexProjects/FilmMaking/Reference/BlenderFilmStudio/experiments/b62-phase0-v0-4/animatic/frame-0281.png'
00:29.530  render           | Saved: '/Users/tianxing/CodexProjects/FilmMaking/Reference/BlenderFilmStudio/experiments/b62-phase0-v0-4/animatic/frame-0282.png'
00:29.635  render           | Saved: '/Users/tianxing/CodexProjects/FilmMaking/Reference/BlenderFilmStudio/experiments/b62-phase0-v0-4/animatic/frame-0283.png'
00:29.740  render           | Saved: '/Users/tianxing/CodexProjects/FilmMaking/Reference/BlenderFilmStudio/experiments/b62-phase0-v0-4/animatic/frame-0284.png'
00:29.844  render           | Saved: '/Users/tianxing/CodexProjects/FilmMaking/Reference/BlenderFilmStudio/experiments/b62-phase0-v0-4/animatic/frame-0285.png'
00:29.947  render           | Saved: '/Users/tianxing/CodexProjects/FilmMaking/Reference/BlenderFilmStudio/experiments/b62-phase0-v0-4/animatic/frame-0286.png'
00:30.052  render           | Saved: '/Users/tianxing/CodexProjects/FilmMaking/Reference/BlenderFilmStudio/experiments/b62-phase0-v0-4/animatic/frame-0287.png'
00:30.155  render           | Saved: '/Users/tianxing/CodexProjects/FilmMaking/Reference/BlenderFilmStudio/experiments/b62-phase0-v0-4/animatic/frame-0288.png'
BFS_B62_PHASE0_ANIMATIC_OK 288 41b100a31ad31810304df00f621464db72eb61d864e6e3c79c572d0ce31de5cf
Blender 5.2.0 LTS (hash fbe6228777e7 built 2026-07-14 01:31:22)

Blender quit
