real 30.39
user 29.33
sys 18.19
           471515136  maximum resident set size
                   0  average shared memory size
                   0  average unshared data size
                   0  average unshared stack size
               33322  page reclaims
                   0  page faults
                   0  swaps
                   0  block input operations
                   0  block output operations
                 298  messages sent
                   0  messages received
                   0  signals received
                  24  voluntary context switches
              366427  involuntary context switches
        370946405974  instructions retired
        181741872532  cycles elapsed
          2022377104  peak memory footprint
