real 0.05
user 0.04
sys 0.00
            19185664  maximum resident set size
                   0  average shared memory size
                   0  average unshared data size
                   0  average unshared stack size
                1468  page reclaims
                  52  page faults
                   0  swaps
                   0  block input operations
                   0  block output operations
                   2  messages sent
                   0  messages received
                   0  signals received
                   0  voluntary context switches
                  25  involuntary context switches
           988221073  instructions retired
           202424038  cycles elapsed
             6750712  peak memory footprint
