real 35.15
user 486.77
sys 3.46
          3766190080  maximum resident set size
                   0  average shared memory size
                   0  average unshared data size
                   0  average unshared stack size
              234529  page reclaims
                  20  page faults
                   0  swaps
                   0  block input operations
                   0  block output operations
                  11  messages sent
                   0  messages received
                   0  signals received
                  11  voluntary context switches
              485170  involuntary context switches
       5416291771563  instructions retired
       1701556846439  cycles elapsed
          3617640168  peak memory footprint
