real 41.21
user 577.31
sys 3.83
          3756081152  maximum resident set size
                   0  average shared memory size
                   0  average unshared data size
                   0  average unshared stack size
              233750  page reclaims
                  44  page faults
                   0  swaps
                   0  block input operations
                   0  block output operations
                  11  messages sent
                   0  messages received
                   0  signals received
                  25  voluntary context switches
              572443  involuntary context switches
       6091020534893  instructions retired
       2008640381648  cycles elapsed
          3607367376  peak memory footprint
