real 45.07
user 634.87
sys 4.22
          3751936000  maximum resident set size
                   0  average shared memory size
                   0  average unshared data size
                   0  average unshared stack size
              233597  page reclaims
                  44  page faults
                   0  swaps
                   0  block input operations
                   0  block output operations
                  11  messages sent
                   0  messages received
                   0  signals received
                  28  voluntary context switches
              638179  involuntary context switches
       6780436558942  instructions retired
       2241211344920  cycles elapsed
          3603418856  peak memory footprint
