/Users/tianxing/CodexProjects/FilmMaking/Reference/BlenderFilmStudio/blender/audit_b62_phase0.py:223: DeprecationWarning: 'Material.use_nodes' is expected to be removed in Blender 6.0
  if not mat.use_nodes or mat.node_tree is None:
real 1.92
user 1.80
sys 0.11
           436191232  maximum resident set size
                   0  average shared memory size
                   0  average unshared data size
                   0  average unshared stack size
               30125  page reclaims
                  35  page faults
                   0  swaps
                   0  block input operations
                   0  block output operations
                  11  messages sent
                   0  messages received
                   0  signals received
                  26  voluntary context switches
                2154  involuntary context switches
         30216981760  instructions retired
          7585287914  cycles elapsed
           313984344  peak memory footprint
