real 0.15
user 0.09
sys 0.05
           126779392  maximum resident set size
                   0  average shared memory size
                   0  average unshared data size
                   0  average unshared stack size
                7922  page reclaims
                 164  page faults
                   0  swaps
                   0  block input operations
                   0  block output operations
                   1  messages sent
                   0  messages received
                   0  signals received
                  11  voluntary context switches
                6941  involuntary context switches
          1222727807  instructions retired
           559147100  cycles elapsed
            87772160  peak memory footprint
