Traceback (most recent call last):
  File "/Users/tianxing/CodexProjects/FilmMaking/Reference/BlenderFilmStudio/scripts/analyze-b52-d4-adaptive-vector-blur-semantics.py", line 463, in <module>
    main()
    ~~~~^^
  File "/Users/tianxing/CodexProjects/FilmMaking/Reference/BlenderFilmStudio/scripts/analyze-b52-d4-adaptive-vector-blur-semantics.py", line 451, in main
    evidence["evidenceCoreHash"] = common.canonical_hash(hash_payload(evidence))
                                   ~~~~~~~~~~~~~~~~~~~~~^^^^^^^^^^^^^^^^^^^^^^^^
  File "/Users/tianxing/CodexProjects/FilmMaking/Reference/BlenderFilmStudio/scripts/analyze-b52-native-cpu-adaptive-quality-cost.py", line 38, in canonical_hash
    return hashlib.sha256(json.dumps(value, sort_keys=True, separators=(",", ":"), allow_nan=False).encode()).hexdigest()
                          ~~~~~~~~~~^^^^^^^^^^^^^^^^^^^^^^^^^^^^^^^^^^^^^^^^^^^^^^^^^^^^^^^^^^^^^^^
  File "/Applications/Blender.app/Contents/Resources/5.2/python/lib/python3.13/json/__init__.py", line 242, in dumps
    **kw).encode(obj)
          ~~~~~~^^^^^
  File "/Applications/Blender.app/Contents/Resources/5.2/python/lib/python3.13/json/encoder.py", line 202, in encode
    chunks = self.iterencode(o, _one_shot=True)
  File "/Applications/Blender.app/Contents/Resources/5.2/python/lib/python3.13/json/encoder.py", line 263, in iterencode
    return _iterencode(o, 0)
  File "/Applications/Blender.app/Contents/Resources/5.2/python/lib/python3.13/json/encoder.py", line 182, in default
    raise TypeError(f'Object of type {o.__class__.__name__} '
                    f'is not JSON serializable')
TypeError: Object of type bool is not JSON serializable
