real 1.14
user 1.09
sys 0.22
           522993664  maximum resident set size
                   0  average shared memory size
                   0  average unshared data size
                   0  average unshared stack size
               35180  page reclaims
                 239  page faults
                   0  swaps
                   0  block input operations
                   0  block output operations
                   3  messages sent
                   0  messages received
                   0  signals received
                  97  voluntary context switches
                2880  involuntary context switches
         19414414440  instructions retired
          5455279585  cycles elapsed
           400655752  peak memory footprint
