real 649.54
user 5483.68
sys 527.47
          2064171008  maximum resident set size
                   0  average shared memory size
                   0  average unshared data size
                   0  average unshared stack size
            82569686  page reclaims
             1221601  page faults
                   0  swaps
                   0  block input operations
                   0  block output operations
               14732  messages sent
                   0  messages received
               20322  signals received
               53650  voluntary context switches
             6881262  involuntary context switches
            66244148  instructions retired
            34626480  cycles elapsed
             1360064  peak memory footprint
