real 0.62
user 0.50
sys 0.06
           249397248  maximum resident set size
                   0  average shared memory size
                   0  average unshared data size
                   0  average unshared stack size
               18406  page reclaims
                   0  page faults
                   0  swaps
                   0  block input operations
                   0  block output operations
                   4  messages sent
                   0  messages received
                   0  signals received
                   0  voluntary context switches
                1458  involuntary context switches
          6176705277  instructions retired
          1964950199  cycles elapsed
           130712680  peak memory footprint
