/Users/tianxing/CodexProjects/FilmMaking/Reference/BlenderFilmStudio/blender/audit_b62_phase0.py:223: DeprecationWarning: 'Material.use_nodes' is expected to be removed in Blender 6.0
  if not mat.use_nodes or mat.node_tree is None:
real 1.86
user 1.76
sys 0.10
           433881088  maximum resident set size
                   0  average shared memory size
                   0  average unshared data size
                   0  average unshared stack size
               30029  page reclaims
                   0  page faults
                   0  swaps
                   0  block input operations
                   0  block output operations
                  11  messages sent
                   0  messages received
                   0  signals received
                   8  voluntary context switches
                2293  involuntary context switches
         30180893131  instructions retired
          7611505586  cycles elapsed
           311674200  peak memory footprint
