real 0.25
user 0.21
sys 0.01
           129662976  maximum resident set size
                   0  average shared memory size
                   0  average unshared data size
                   0  average unshared stack size
                9198  page reclaims
                   0  page faults
                   0  swaps
                   0  block input operations
                   0  block output operations
                   1  messages sent
                   0  messages received
                   0  signals received
                   0  voluntary context switches
                  81  involuntary context switches
          2924693190  instructions retired
           816010773  cycles elapsed
            48415752  peak memory footprint
