/Users/tianxing/CodexProjects/FilmMaking/Reference/BlenderFilmStudio/blender/generate_b62_phase0_assets.py:133: DeprecationWarning: 'Material.use_nodes' is expected to be removed in Blender 6.0
  mat.use_nodes = True
/Users/tianxing/CodexProjects/FilmMaking/Reference/BlenderFilmStudio/blender/generate_b62_phase0_assets.py:365: DeprecationWarning: 'Material.use_nodes' is expected to be removed in Blender 6.0
  volume_mat.use_nodes = True
/Users/tianxing/CodexProjects/FilmMaking/Reference/BlenderFilmStudio/blender/generate_b62_phase0_assets.py:557: DeprecationWarning: 'Material.use_nodes' is expected to be removed in Blender 6.0
  if not mat.use_nodes or mat.node_tree is None:
/Users/tianxing/CodexProjects/FilmMaking/Reference/BlenderFilmStudio/blender/generate_b62_phase0_assets.py:529: DeprecationWarning: 'World.use_nodes' is expected to be removed in Blender 6.0
  scene.world.use_nodes = True
real 0.72
user 1.04
sys 0.76
           267894784  maximum resident set size
                   0  average shared memory size
                   0  average unshared data size
                   0  average unshared stack size
               19487  page reclaims
                   0  page faults
                   0  swaps
                   0  block input operations
                   0  block output operations
                  13  messages sent
                   0  messages received
                   0  signals received
                  10  voluntary context switches
               20697  involuntary context switches
         11217306910  instructions retired
          6778730063  cycles elapsed
           147555576  peak memory footprint
