real 32.31
user 29.41
sys 18.45
           480329728  maximum resident set size
                   0  average shared memory size
                   0  average unshared data size
                   0  average unshared stack size
               33662  page reclaims
                 554  page faults
                   0  swaps
                   0  block input operations
                   0  block output operations
                 298  messages sent
                   0  messages received
                   0  signals received
                 180  voluntary context switches
              371594  involuntary context switches
        371401387055  instructions retired
        182872897992  cycles elapsed
          2030143096  peak memory footprint
