00:00.005  color_management | Using OCIO=/Users/tianxing/CodexProjects/FilmMaking/Reference/BlenderFilmStudio/color/ocio/cg-config-v4.0.0_aces-v2.0_ocio-v2.5.ocio
00:00.062  color_management | WARNING Display "sRGB" used by scene not found, setting to "sRGB - Display".
00:00.062  color_management | WARNING scene view "AgX" not found, setting to "ACES 2.0 - SDR 100 nits (Rec.709)".
00:00.062  color_management | WARNING Display "sRGB" used by scene output not found, setting to "sRGB - Display".
00:00.062  color_management | WARNING scene output view "Standard" not found, setting to "Un-tone-mapped".
00:00.062  color_management | WARNING sequencer colorspace "sRGB" not found, will use default instead.
00:00.254  blend            | Read blend: "/Users/tianxing/CodexProjects/FilmMaking/Reference/BlenderFilmStudio/experiments/b62-phase0-v0-3/scene/B62_PHASE0_MASTER.blend"
00:02.325  render           | Saved: '/Users/tianxing/CodexProjects/FilmMaking/Reference/BlenderFilmStudio/experiments/b62-phase0-v0-3/animatic/frame-0001.png'
00:02.447  render           | Saved: '/Users/tianxing/CodexProjects/FilmMaking/Reference/BlenderFilmStudio/experiments/b62-phase0-v0-3/animatic/frame-0002.png'
00:02.554  render           | Saved: '/Users/tianxing/CodexProjects/FilmMaking/Reference/BlenderFilmStudio/experiments/b62-phase0-v0-3/animatic/frame-0003.png'
00:02.658  render           | Saved: '/Users/tianxing/CodexProjects/FilmMaking/Reference/BlenderFilmStudio/experiments/b62-phase0-v0-3/animatic/frame-0004.png'
00:02.765  render           | Saved: '/Users/tianxing/CodexProjects/FilmMaking/Reference/BlenderFilmStudio/experiments/b62-phase0-v0-3/animatic/frame-0005.png'
00:02.873  render           | Saved: '/Users/tianxing/CodexProjects/FilmMaking/Reference/BlenderFilmStudio/experiments/b62-phase0-v0-3/animatic/frame-0006.png'
00:02.979  render           | Saved: '/Users/tianxing/CodexProjects/FilmMaking/Reference/BlenderFilmStudio/experiments/b62-phase0-v0-3/animatic/frame-0007.png'
00:03.081  render           | Saved: '/Users/tianxing/CodexProjects/FilmMaking/Reference/BlenderFilmStudio/experiments/b62-phase0-v0-3/animatic/frame-0008.png'
00:03.184  render           | Saved: '/Users/tianxing/CodexProjects/FilmMaking/Reference/BlenderFilmStudio/experiments/b62-phase0-v0-3/animatic/frame-0009.png'
00:03.286  render           | Saved: '/Users/tianxing/CodexProjects/FilmMaking/Reference/BlenderFilmStudio/experiments/b62-phase0-v0-3/animatic/frame-0010.png'
00:03.394  render           | Saved: '/Users/tianxing/CodexProjects/FilmMaking/Reference/BlenderFilmStudio/experiments/b62-phase0-v0-3/animatic/frame-0011.png'
00:03.495  render           | Saved: '/Users/tianxing/CodexProjects/FilmMaking/Reference/BlenderFilmStudio/experiments/b62-phase0-v0-3/animatic/frame-0012.png'
00:03.596  render           | Saved: '/Users/tianxing/CodexProjects/FilmMaking/Reference/BlenderFilmStudio/experiments/b62-phase0-v0-3/animatic/frame-0013.png'
00:03.696  render           | Saved: '/Users/tianxing/CodexProjects/FilmMaking/Reference/BlenderFilmStudio/experiments/b62-phase0-v0-3/animatic/frame-0014.png'
00:03.798  render           | Saved: '/Users/tianxing/CodexProjects/FilmMaking/Reference/BlenderFilmStudio/experiments/b62-phase0-v0-3/animatic/frame-0015.png'
00:03.903  render           | Saved: '/Users/tianxing/CodexProjects/FilmMaking/Reference/BlenderFilmStudio/experiments/b62-phase0-v0-3/animatic/frame-0016.png'
00:04.006  render           | Saved: '/Users/tianxing/CodexProjects/FilmMaking/Reference/BlenderFilmStudio/experiments/b62-phase0-v0-3/animatic/frame-0017.png'
00:04.107  render           | Saved: '/Users/tianxing/CodexProjects/FilmMaking/Reference/BlenderFilmStudio/experiments/b62-phase0-v0-3/animatic/frame-0018.png'
00:04.207  render           | Saved: '/Users/tianxing/CodexProjects/FilmMaking/Reference/BlenderFilmStudio/experiments/b62-phase0-v0-3/animatic/frame-0019.png'
00:04.311  render           | Saved: '/Users/tianxing/CodexProjects/FilmMaking/Reference/BlenderFilmStudio/experiments/b62-phase0-v0-3/animatic/frame-0020.png'
00:04.416  render           | Saved: '/Users/tianxing/CodexProjects/FilmMaking/Reference/BlenderFilmStudio/experiments/b62-phase0-v0-3/animatic/frame-0021.png'
00:04.517  render           | Saved: '/Users/tianxing/CodexProjects/FilmMaking/Reference/BlenderFilmStudio/experiments/b62-phase0-v0-3/animatic/frame-0022.png'
00:04.620  render           | Saved: '/Users/tianxing/CodexProjects/FilmMaking/Reference/BlenderFilmStudio/experiments/b62-phase0-v0-3/animatic/frame-0023.png'
00:04.722  render           | Saved: '/Users/tianxing/CodexProjects/FilmMaking/Reference/BlenderFilmStudio/experiments/b62-phase0-v0-3/animatic/frame-0024.png'
00:04.827  render           | Saved: '/Users/tianxing/CodexProjects/FilmMaking/Reference/BlenderFilmStudio/experiments/b62-phase0-v0-3/animatic/frame-0025.png'
00:04.928  render           | Saved: '/Users/tianxing/CodexProjects/FilmMaking/Reference/BlenderFilmStudio/experiments/b62-phase0-v0-3/animatic/frame-0026.png'
00:05.032  render           | Saved: '/Users/tianxing/CodexProjects/FilmMaking/Reference/BlenderFilmStudio/experiments/b62-phase0-v0-3/animatic/frame-0027.png'
00:05.134  render           | Saved: '/Users/tianxing/CodexProjects/FilmMaking/Reference/BlenderFilmStudio/experiments/b62-phase0-v0-3/animatic/frame-0028.png'
00:05.237  render           | Saved: '/Users/tianxing/CodexProjects/FilmMaking/Reference/BlenderFilmStudio/experiments/b62-phase0-v0-3/animatic/frame-0029.png'
00:05.340  render           | Saved: '/Users/tianxing/CodexProjects/FilmMaking/Reference/BlenderFilmStudio/experiments/b62-phase0-v0-3/animatic/frame-0030.png'
00:05.442  render           | Saved: '/Users/tianxing/CodexProjects/FilmMaking/Reference/BlenderFilmStudio/experiments/b62-phase0-v0-3/animatic/frame-0031.png'
00:05.547  render           | Saved: '/Users/tianxing/CodexProjects/FilmMaking/Reference/BlenderFilmStudio/experiments/b62-phase0-v0-3/animatic/frame-0032.png'
00:05.650  render           | Saved: '/Users/tianxing/CodexProjects/FilmMaking/Reference/BlenderFilmStudio/experiments/b62-phase0-v0-3/animatic/frame-0033.png'
00:05.753  render           | Saved: '/Users/tianxing/CodexProjects/FilmMaking/Reference/BlenderFilmStudio/experiments/b62-phase0-v0-3/animatic/frame-0034.png'
00:05.853  render           | Saved: '/Users/tianxing/CodexProjects/FilmMaking/Reference/BlenderFilmStudio/experiments/b62-phase0-v0-3/animatic/frame-0035.png'
00:05.956  render           | Saved: '/Users/tianxing/CodexProjects/FilmMaking/Reference/BlenderFilmStudio/experiments/b62-phase0-v0-3/animatic/frame-0036.png'
00:06.063  render           | Saved: '/Users/tianxing/CodexProjects/FilmMaking/Reference/BlenderFilmStudio/experiments/b62-phase0-v0-3/animatic/frame-0037.png'
00:06.164  render           | Saved: '/Users/tianxing/CodexProjects/FilmMaking/Reference/BlenderFilmStudio/experiments/b62-phase0-v0-3/animatic/frame-0038.png'
00:06.271  render           | Saved: '/Users/tianxing/CodexProjects/FilmMaking/Reference/BlenderFilmStudio/experiments/b62-phase0-v0-3/animatic/frame-0039.png'
00:06.373  render           | Saved: '/Users/tianxing/CodexProjects/FilmMaking/Reference/BlenderFilmStudio/experiments/b62-phase0-v0-3/animatic/frame-0040.png'
00:06.479  render           | Saved: '/Users/tianxing/CodexProjects/FilmMaking/Reference/BlenderFilmStudio/experiments/b62-phase0-v0-3/animatic/frame-0041.png'
00:06.581  render           | Saved: '/Users/tianxing/CodexProjects/FilmMaking/Reference/BlenderFilmStudio/experiments/b62-phase0-v0-3/animatic/frame-0042.png'
00:06.684  render           | Saved: '/Users/tianxing/CodexProjects/FilmMaking/Reference/BlenderFilmStudio/experiments/b62-phase0-v0-3/animatic/frame-0043.png'
00:06.786  render           | Saved: '/Users/tianxing/CodexProjects/FilmMaking/Reference/BlenderFilmStudio/experiments/b62-phase0-v0-3/animatic/frame-0044.png'
00:06.889  render           | Saved: '/Users/tianxing/CodexProjects/FilmMaking/Reference/BlenderFilmStudio/experiments/b62-phase0-v0-3/animatic/frame-0045.png'
00:06.992  render           | Saved: '/Users/tianxing/CodexProjects/FilmMaking/Reference/BlenderFilmStudio/experiments/b62-phase0-v0-3/animatic/frame-0046.png'
00:07.096  render           | Saved: '/Users/tianxing/CodexProjects/FilmMaking/Reference/BlenderFilmStudio/experiments/b62-phase0-v0-3/animatic/frame-0047.png'
00:07.201  render           | Saved: '/Users/tianxing/CodexProjects/FilmMaking/Reference/BlenderFilmStudio/experiments/b62-phase0-v0-3/animatic/frame-0048.png'
00:07.301  render           | Saved: '/Users/tianxing/CodexProjects/FilmMaking/Reference/BlenderFilmStudio/experiments/b62-phase0-v0-3/animatic/frame-0049.png'
00:07.405  render           | Saved: '/Users/tianxing/CodexProjects/FilmMaking/Reference/BlenderFilmStudio/experiments/b62-phase0-v0-3/animatic/frame-0050.png'
00:07.509  render           | Saved: '/Users/tianxing/CodexProjects/FilmMaking/Reference/BlenderFilmStudio/experiments/b62-phase0-v0-3/animatic/frame-0051.png'
00:07.612  render           | Saved: '/Users/tianxing/CodexProjects/FilmMaking/Reference/BlenderFilmStudio/experiments/b62-phase0-v0-3/animatic/frame-0052.png'
00:07.711  render           | Saved: '/Users/tianxing/CodexProjects/FilmMaking/Reference/BlenderFilmStudio/experiments/b62-phase0-v0-3/animatic/frame-0053.png'
00:07.814  render           | Saved: '/Users/tianxing/CodexProjects/FilmMaking/Reference/BlenderFilmStudio/experiments/b62-phase0-v0-3/animatic/frame-0054.png'
00:07.917  render           | Saved: '/Users/tianxing/CodexProjects/FilmMaking/Reference/BlenderFilmStudio/experiments/b62-phase0-v0-3/animatic/frame-0055.png'
00:08.021  render           | Saved: '/Users/tianxing/CodexProjects/FilmMaking/Reference/BlenderFilmStudio/experiments/b62-phase0-v0-3/animatic/frame-0056.png'
00:08.123  render           | Saved: '/Users/tianxing/CodexProjects/FilmMaking/Reference/BlenderFilmStudio/experiments/b62-phase0-v0-3/animatic/frame-0057.png'
00:08.229  render           | Saved: '/Users/tianxing/CodexProjects/FilmMaking/Reference/BlenderFilmStudio/experiments/b62-phase0-v0-3/animatic/frame-0058.png'
00:08.333  render           | Saved: '/Users/tianxing/CodexProjects/FilmMaking/Reference/BlenderFilmStudio/experiments/b62-phase0-v0-3/animatic/frame-0059.png'
00:08.440  render           | Saved: '/Users/tianxing/CodexProjects/FilmMaking/Reference/BlenderFilmStudio/experiments/b62-phase0-v0-3/animatic/frame-0060.png'
00:08.542  render           | Saved: '/Users/tianxing/CodexProjects/FilmMaking/Reference/BlenderFilmStudio/experiments/b62-phase0-v0-3/animatic/frame-0061.png'
00:08.646  render           | Saved: '/Users/tianxing/CodexProjects/FilmMaking/Reference/BlenderFilmStudio/experiments/b62-phase0-v0-3/animatic/frame-0062.png'
00:08.751  render           | Saved: '/Users/tianxing/CodexProjects/FilmMaking/Reference/BlenderFilmStudio/experiments/b62-phase0-v0-3/animatic/frame-0063.png'
00:08.854  render           | Saved: '/Users/tianxing/CodexProjects/FilmMaking/Reference/BlenderFilmStudio/experiments/b62-phase0-v0-3/animatic/frame-0064.png'
00:08.957  render           | Saved: '/Users/tianxing/CodexProjects/FilmMaking/Reference/BlenderFilmStudio/experiments/b62-phase0-v0-3/animatic/frame-0065.png'
00:09.060  render           | Saved: '/Users/tianxing/CodexProjects/FilmMaking/Reference/BlenderFilmStudio/experiments/b62-phase0-v0-3/animatic/frame-0066.png'
00:09.161  render           | Saved: '/Users/tianxing/CodexProjects/FilmMaking/Reference/BlenderFilmStudio/experiments/b62-phase0-v0-3/animatic/frame-0067.png'
00:09.265  render           | Saved: '/Users/tianxing/CodexProjects/FilmMaking/Reference/BlenderFilmStudio/experiments/b62-phase0-v0-3/animatic/frame-0068.png'
00:09.367  render           | Saved: '/Users/tianxing/CodexProjects/FilmMaking/Reference/BlenderFilmStudio/experiments/b62-phase0-v0-3/animatic/frame-0069.png'
00:09.470  render           | Saved: '/Users/tianxing/CodexProjects/FilmMaking/Reference/BlenderFilmStudio/experiments/b62-phase0-v0-3/animatic/frame-0070.png'
00:09.574  render           | Saved: '/Users/tianxing/CodexProjects/FilmMaking/Reference/BlenderFilmStudio/experiments/b62-phase0-v0-3/animatic/frame-0071.png'
00:09.678  render           | Saved: '/Users/tianxing/CodexProjects/FilmMaking/Reference/BlenderFilmStudio/experiments/b62-phase0-v0-3/animatic/frame-0072.png'
00:09.782  render           | Saved: '/Users/tianxing/CodexProjects/FilmMaking/Reference/BlenderFilmStudio/experiments/b62-phase0-v0-3/animatic/frame-0073.png'
00:09.881  render           | Saved: '/Users/tianxing/CodexProjects/FilmMaking/Reference/BlenderFilmStudio/experiments/b62-phase0-v0-3/animatic/frame-0074.png'
00:09.983  render           | Saved: '/Users/tianxing/CodexProjects/FilmMaking/Reference/BlenderFilmStudio/experiments/b62-phase0-v0-3/animatic/frame-0075.png'
00:10.087  render           | Saved: '/Users/tianxing/CodexProjects/FilmMaking/Reference/BlenderFilmStudio/experiments/b62-phase0-v0-3/animatic/frame-0076.png'
00:10.195  render           | Saved: '/Users/tianxing/CodexProjects/FilmMaking/Reference/BlenderFilmStudio/experiments/b62-phase0-v0-3/animatic/frame-0077.png'
00:10.303  render           | Saved: '/Users/tianxing/CodexProjects/FilmMaking/Reference/BlenderFilmStudio/experiments/b62-phase0-v0-3/animatic/frame-0078.png'
00:10.406  render           | Saved: '/Users/tianxing/CodexProjects/FilmMaking/Reference/BlenderFilmStudio/experiments/b62-phase0-v0-3/animatic/frame-0079.png'
00:10.511  render           | Saved: '/Users/tianxing/CodexProjects/FilmMaking/Reference/BlenderFilmStudio/experiments/b62-phase0-v0-3/animatic/frame-0080.png'
00:10.613  render           | Saved: '/Users/tianxing/CodexProjects/FilmMaking/Reference/BlenderFilmStudio/experiments/b62-phase0-v0-3/animatic/frame-0081.png'
00:10.717  render           | Saved: '/Users/tianxing/CodexProjects/FilmMaking/Reference/BlenderFilmStudio/experiments/b62-phase0-v0-3/animatic/frame-0082.png'
00:10.820  render           | Saved: '/Users/tianxing/CodexProjects/FilmMaking/Reference/BlenderFilmStudio/experiments/b62-phase0-v0-3/animatic/frame-0083.png'
00:10.923  render           | Saved: '/Users/tianxing/CodexProjects/FilmMaking/Reference/BlenderFilmStudio/experiments/b62-phase0-v0-3/animatic/frame-0084.png'
00:11.028  render           | Saved: '/Users/tianxing/CodexProjects/FilmMaking/Reference/BlenderFilmStudio/experiments/b62-phase0-v0-3/animatic/frame-0085.png'
00:11.133  render           | Saved: '/Users/tianxing/CodexProjects/FilmMaking/Reference/BlenderFilmStudio/experiments/b62-phase0-v0-3/animatic/frame-0086.png'
00:11.237  render           | Saved: '/Users/tianxing/CodexProjects/FilmMaking/Reference/BlenderFilmStudio/experiments/b62-phase0-v0-3/animatic/frame-0087.png'
00:11.337  render           | Saved: '/Users/tianxing/CodexProjects/FilmMaking/Reference/BlenderFilmStudio/experiments/b62-phase0-v0-3/animatic/frame-0088.png'
00:11.439  render           | Saved: '/Users/tianxing/CodexProjects/FilmMaking/Reference/BlenderFilmStudio/experiments/b62-phase0-v0-3/animatic/frame-0089.png'
00:11.541  render           | Saved: '/Users/tianxing/CodexProjects/FilmMaking/Reference/BlenderFilmStudio/experiments/b62-phase0-v0-3/animatic/frame-0090.png'
00:11.646  render           | Saved: '/Users/tianxing/CodexProjects/FilmMaking/Reference/BlenderFilmStudio/experiments/b62-phase0-v0-3/animatic/frame-0091.png'
00:11.750  render           | Saved: '/Users/tianxing/CodexProjects/FilmMaking/Reference/BlenderFilmStudio/experiments/b62-phase0-v0-3/animatic/frame-0092.png'
00:11.852  render           | Saved: '/Users/tianxing/CodexProjects/FilmMaking/Reference/BlenderFilmStudio/experiments/b62-phase0-v0-3/animatic/frame-0093.png'
00:11.958  render           | Saved: '/Users/tianxing/CodexProjects/FilmMaking/Reference/BlenderFilmStudio/experiments/b62-phase0-v0-3/animatic/frame-0094.png'
00:12.063  render           | Saved: '/Users/tianxing/CodexProjects/FilmMaking/Reference/BlenderFilmStudio/experiments/b62-phase0-v0-3/animatic/frame-0095.png'
00:12.169  render           | Saved: '/Users/tianxing/CodexProjects/FilmMaking/Reference/BlenderFilmStudio/experiments/b62-phase0-v0-3/animatic/frame-0096.png'
00:12.275  render           | Saved: '/Users/tianxing/CodexProjects/FilmMaking/Reference/BlenderFilmStudio/experiments/b62-phase0-v0-3/animatic/frame-0097.png'
00:12.379  render           | Saved: '/Users/tianxing/CodexProjects/FilmMaking/Reference/BlenderFilmStudio/experiments/b62-phase0-v0-3/animatic/frame-0098.png'
00:12.485  render           | Saved: '/Users/tianxing/CodexProjects/FilmMaking/Reference/BlenderFilmStudio/experiments/b62-phase0-v0-3/animatic/frame-0099.png'
00:12.589  render           | Saved: '/Users/tianxing/CodexProjects/FilmMaking/Reference/BlenderFilmStudio/experiments/b62-phase0-v0-3/animatic/frame-0100.png'
00:12.689  render           | Saved: '/Users/tianxing/CodexProjects/FilmMaking/Reference/BlenderFilmStudio/experiments/b62-phase0-v0-3/animatic/frame-0101.png'
00:12.793  render           | Saved: '/Users/tianxing/CodexProjects/FilmMaking/Reference/BlenderFilmStudio/experiments/b62-phase0-v0-3/animatic/frame-0102.png'
00:12.896  render           | Saved: '/Users/tianxing/CodexProjects/FilmMaking/Reference/BlenderFilmStudio/experiments/b62-phase0-v0-3/animatic/frame-0103.png'
00:13.000  render           | Saved: '/Users/tianxing/CodexProjects/FilmMaking/Reference/BlenderFilmStudio/experiments/b62-phase0-v0-3/animatic/frame-0104.png'
00:13.104  render           | Saved: '/Users/tianxing/CodexProjects/FilmMaking/Reference/BlenderFilmStudio/experiments/b62-phase0-v0-3/animatic/frame-0105.png'
00:13.208  render           | Saved: '/Users/tianxing/CodexProjects/FilmMaking/Reference/BlenderFilmStudio/experiments/b62-phase0-v0-3/animatic/frame-0106.png'
00:13.311  render           | Saved: '/Users/tianxing/CodexProjects/FilmMaking/Reference/BlenderFilmStudio/experiments/b62-phase0-v0-3/animatic/frame-0107.png'
00:13.412  render           | Saved: '/Users/tianxing/CodexProjects/FilmMaking/Reference/BlenderFilmStudio/experiments/b62-phase0-v0-3/animatic/frame-0108.png'
00:13.516  render           | Saved: '/Users/tianxing/CodexProjects/FilmMaking/Reference/BlenderFilmStudio/experiments/b62-phase0-v0-3/animatic/frame-0109.png'
00:13.621  render           | Saved: '/Users/tianxing/CodexProjects/FilmMaking/Reference/BlenderFilmStudio/experiments/b62-phase0-v0-3/animatic/frame-0110.png'
00:13.723  render           | Saved: '/Users/tianxing/CodexProjects/FilmMaking/Reference/BlenderFilmStudio/experiments/b62-phase0-v0-3/animatic/frame-0111.png'
00:13.827  render           | Saved: '/Users/tianxing/CodexProjects/FilmMaking/Reference/BlenderFilmStudio/experiments/b62-phase0-v0-3/animatic/frame-0112.png'
00:13.928  render           | Saved: '/Users/tianxing/CodexProjects/FilmMaking/Reference/BlenderFilmStudio/experiments/b62-phase0-v0-3/animatic/frame-0113.png'
00:14.033  render           | Saved: '/Users/tianxing/CodexProjects/FilmMaking/Reference/BlenderFilmStudio/experiments/b62-phase0-v0-3/animatic/frame-0114.png'
00:14.131  render           | Saved: '/Users/tianxing/CodexProjects/FilmMaking/Reference/BlenderFilmStudio/experiments/b62-phase0-v0-3/animatic/frame-0115.png'
00:14.231  render           | Saved: '/Users/tianxing/CodexProjects/FilmMaking/Reference/BlenderFilmStudio/experiments/b62-phase0-v0-3/animatic/frame-0116.png'
00:14.337  render           | Saved: '/Users/tianxing/CodexProjects/FilmMaking/Reference/BlenderFilmStudio/experiments/b62-phase0-v0-3/animatic/frame-0117.png'
00:14.436  render           | Saved: '/Users/tianxing/CodexProjects/FilmMaking/Reference/BlenderFilmStudio/experiments/b62-phase0-v0-3/animatic/frame-0118.png'
00:14.539  render           | Saved: '/Users/tianxing/CodexProjects/FilmMaking/Reference/BlenderFilmStudio/experiments/b62-phase0-v0-3/animatic/frame-0119.png'
00:14.644  render           | Saved: '/Users/tianxing/CodexProjects/FilmMaking/Reference/BlenderFilmStudio/experiments/b62-phase0-v0-3/animatic/frame-0120.png'
00:14.746  render           | Saved: '/Users/tianxing/CodexProjects/FilmMaking/Reference/BlenderFilmStudio/experiments/b62-phase0-v0-3/animatic/frame-0121.png'
00:14.848  render           | Saved: '/Users/tianxing/CodexProjects/FilmMaking/Reference/BlenderFilmStudio/experiments/b62-phase0-v0-3/animatic/frame-0122.png'
00:14.954  render           | Saved: '/Users/tianxing/CodexProjects/FilmMaking/Reference/BlenderFilmStudio/experiments/b62-phase0-v0-3/animatic/frame-0123.png'
00:15.058  render           | Saved: '/Users/tianxing/CodexProjects/FilmMaking/Reference/BlenderFilmStudio/experiments/b62-phase0-v0-3/animatic/frame-0124.png'
00:15.161  render           | Saved: '/Users/tianxing/CodexProjects/FilmMaking/Reference/BlenderFilmStudio/experiments/b62-phase0-v0-3/animatic/frame-0125.png'
00:15.265  render           | Saved: '/Users/tianxing/CodexProjects/FilmMaking/Reference/BlenderFilmStudio/experiments/b62-phase0-v0-3/animatic/frame-0126.png'
00:15.370  render           | Saved: '/Users/tianxing/CodexProjects/FilmMaking/Reference/BlenderFilmStudio/experiments/b62-phase0-v0-3/animatic/frame-0127.png'
00:15.472  render           | Saved: '/Users/tianxing/CodexProjects/FilmMaking/Reference/BlenderFilmStudio/experiments/b62-phase0-v0-3/animatic/frame-0128.png'
00:15.574  render           | Saved: '/Users/tianxing/CodexProjects/FilmMaking/Reference/BlenderFilmStudio/experiments/b62-phase0-v0-3/animatic/frame-0129.png'
00:15.679  render           | Saved: '/Users/tianxing/CodexProjects/FilmMaking/Reference/BlenderFilmStudio/experiments/b62-phase0-v0-3/animatic/frame-0130.png'
00:15.796  render           | Saved: '/Users/tianxing/CodexProjects/FilmMaking/Reference/BlenderFilmStudio/experiments/b62-phase0-v0-3/animatic/frame-0131.png'
00:15.900  render           | Saved: '/Users/tianxing/CodexProjects/FilmMaking/Reference/BlenderFilmStudio/experiments/b62-phase0-v0-3/animatic/frame-0132.png'
00:16.001  render           | Saved: '/Users/tianxing/CodexProjects/FilmMaking/Reference/BlenderFilmStudio/experiments/b62-phase0-v0-3/animatic/frame-0133.png'
00:16.102  render           | Saved: '/Users/tianxing/CodexProjects/FilmMaking/Reference/BlenderFilmStudio/experiments/b62-phase0-v0-3/animatic/frame-0134.png'
00:16.208  render           | Saved: '/Users/tianxing/CodexProjects/FilmMaking/Reference/BlenderFilmStudio/experiments/b62-phase0-v0-3/animatic/frame-0135.png'
00:16.312  render           | Saved: '/Users/tianxing/CodexProjects/FilmMaking/Reference/BlenderFilmStudio/experiments/b62-phase0-v0-3/animatic/frame-0136.png'
00:16.414  render           | Saved: '/Users/tianxing/CodexProjects/FilmMaking/Reference/BlenderFilmStudio/experiments/b62-phase0-v0-3/animatic/frame-0137.png'
00:16.517  render           | Saved: '/Users/tianxing/CodexProjects/FilmMaking/Reference/BlenderFilmStudio/experiments/b62-phase0-v0-3/animatic/frame-0138.png'
00:16.621  render           | Saved: '/Users/tianxing/CodexProjects/FilmMaking/Reference/BlenderFilmStudio/experiments/b62-phase0-v0-3/animatic/frame-0139.png'
00:16.723  render           | Saved: '/Users/tianxing/CodexProjects/FilmMaking/Reference/BlenderFilmStudio/experiments/b62-phase0-v0-3/animatic/frame-0140.png'
00:16.826  render           | Saved: '/Users/tianxing/CodexProjects/FilmMaking/Reference/BlenderFilmStudio/experiments/b62-phase0-v0-3/animatic/frame-0141.png'
00:16.928  render           | Saved: '/Users/tianxing/CodexProjects/FilmMaking/Reference/BlenderFilmStudio/experiments/b62-phase0-v0-3/animatic/frame-0142.png'
00:17.031  render           | Saved: '/Users/tianxing/CodexProjects/FilmMaking/Reference/BlenderFilmStudio/experiments/b62-phase0-v0-3/animatic/frame-0143.png'
00:17.132  render           | Saved: '/Users/tianxing/CodexProjects/FilmMaking/Reference/BlenderFilmStudio/experiments/b62-phase0-v0-3/animatic/frame-0144.png'
00:17.234  render           | Saved: '/Users/tianxing/CodexProjects/FilmMaking/Reference/BlenderFilmStudio/experiments/b62-phase0-v0-3/animatic/frame-0145.png'
00:17.339  render           | Saved: '/Users/tianxing/CodexProjects/FilmMaking/Reference/BlenderFilmStudio/experiments/b62-phase0-v0-3/animatic/frame-0146.png'
00:17.442  render           | Saved: '/Users/tianxing/CodexProjects/FilmMaking/Reference/BlenderFilmStudio/experiments/b62-phase0-v0-3/animatic/frame-0147.png'
00:17.545  render           | Saved: '/Users/tianxing/CodexProjects/FilmMaking/Reference/BlenderFilmStudio/experiments/b62-phase0-v0-3/animatic/frame-0148.png'
00:17.650  render           | Saved: '/Users/tianxing/CodexProjects/FilmMaking/Reference/BlenderFilmStudio/experiments/b62-phase0-v0-3/animatic/frame-0149.png'
00:17.753  render           | Saved: '/Users/tianxing/CodexProjects/FilmMaking/Reference/BlenderFilmStudio/experiments/b62-phase0-v0-3/animatic/frame-0150.png'
00:17.854  render           | Saved: '/Users/tianxing/CodexProjects/FilmMaking/Reference/BlenderFilmStudio/experiments/b62-phase0-v0-3/animatic/frame-0151.png'
00:17.959  render           | Saved: '/Users/tianxing/CodexProjects/FilmMaking/Reference/BlenderFilmStudio/experiments/b62-phase0-v0-3/animatic/frame-0152.png'
00:18.062  render           | Saved: '/Users/tianxing/CodexProjects/FilmMaking/Reference/BlenderFilmStudio/experiments/b62-phase0-v0-3/animatic/frame-0153.png'
00:18.166  render           | Saved: '/Users/tianxing/CodexProjects/FilmMaking/Reference/BlenderFilmStudio/experiments/b62-phase0-v0-3/animatic/frame-0154.png'
00:18.271  render           | Saved: '/Users/tianxing/CodexProjects/FilmMaking/Reference/BlenderFilmStudio/experiments/b62-phase0-v0-3/animatic/frame-0155.png'
00:18.373  render           | Saved: '/Users/tianxing/CodexProjects/FilmMaking/Reference/BlenderFilmStudio/experiments/b62-phase0-v0-3/animatic/frame-0156.png'
00:18.478  render           | Saved: '/Users/tianxing/CodexProjects/FilmMaking/Reference/BlenderFilmStudio/experiments/b62-phase0-v0-3/animatic/frame-0157.png'
00:18.581  render           | Saved: '/Users/tianxing/CodexProjects/FilmMaking/Reference/BlenderFilmStudio/experiments/b62-phase0-v0-3/animatic/frame-0158.png'
00:18.684  render           | Saved: '/Users/tianxing/CodexProjects/FilmMaking/Reference/BlenderFilmStudio/experiments/b62-phase0-v0-3/animatic/frame-0159.png'
00:18.786  render           | Saved: '/Users/tianxing/CodexProjects/FilmMaking/Reference/BlenderFilmStudio/experiments/b62-phase0-v0-3/animatic/frame-0160.png'
00:18.889  render           | Saved: '/Users/tianxing/CodexProjects/FilmMaking/Reference/BlenderFilmStudio/experiments/b62-phase0-v0-3/animatic/frame-0161.png'
00:18.992  render           | Saved: '/Users/tianxing/CodexProjects/FilmMaking/Reference/BlenderFilmStudio/experiments/b62-phase0-v0-3/animatic/frame-0162.png'
00:19.096  render           | Saved: '/Users/tianxing/CodexProjects/FilmMaking/Reference/BlenderFilmStudio/experiments/b62-phase0-v0-3/animatic/frame-0163.png'
00:19.201  render           | Saved: '/Users/tianxing/CodexProjects/FilmMaking/Reference/BlenderFilmStudio/experiments/b62-phase0-v0-3/animatic/frame-0164.png'
00:19.306  render           | Saved: '/Users/tianxing/CodexProjects/FilmMaking/Reference/BlenderFilmStudio/experiments/b62-phase0-v0-3/animatic/frame-0165.png'
00:19.411  render           | Saved: '/Users/tianxing/CodexProjects/FilmMaking/Reference/BlenderFilmStudio/experiments/b62-phase0-v0-3/animatic/frame-0166.png'
00:19.518  render           | Saved: '/Users/tianxing/CodexProjects/FilmMaking/Reference/BlenderFilmStudio/experiments/b62-phase0-v0-3/animatic/frame-0167.png'
00:19.629  render           | Saved: '/Users/tianxing/CodexProjects/FilmMaking/Reference/BlenderFilmStudio/experiments/b62-phase0-v0-3/animatic/frame-0168.png'
00:19.737  render           | Saved: '/Users/tianxing/CodexProjects/FilmMaking/Reference/BlenderFilmStudio/experiments/b62-phase0-v0-3/animatic/frame-0169.png'
00:19.840  render           | Saved: '/Users/tianxing/CodexProjects/FilmMaking/Reference/BlenderFilmStudio/experiments/b62-phase0-v0-3/animatic/frame-0170.png'
00:19.945  render           | Saved: '/Users/tianxing/CodexProjects/FilmMaking/Reference/BlenderFilmStudio/experiments/b62-phase0-v0-3/animatic/frame-0171.png'
00:20.048  render           | Saved: '/Users/tianxing/CodexProjects/FilmMaking/Reference/BlenderFilmStudio/experiments/b62-phase0-v0-3/animatic/frame-0172.png'
00:20.151  render           | Saved: '/Users/tianxing/CodexProjects/FilmMaking/Reference/BlenderFilmStudio/experiments/b62-phase0-v0-3/animatic/frame-0173.png'
00:20.254  render           | Saved: '/Users/tianxing/CodexProjects/FilmMaking/Reference/BlenderFilmStudio/experiments/b62-phase0-v0-3/animatic/frame-0174.png'
00:20.359  render           | Saved: '/Users/tianxing/CodexProjects/FilmMaking/Reference/BlenderFilmStudio/experiments/b62-phase0-v0-3/animatic/frame-0175.png'
00:20.464  render           | Saved: '/Users/tianxing/CodexProjects/FilmMaking/Reference/BlenderFilmStudio/experiments/b62-phase0-v0-3/animatic/frame-0176.png'
00:20.567  render           | Saved: '/Users/tianxing/CodexProjects/FilmMaking/Reference/BlenderFilmStudio/experiments/b62-phase0-v0-3/animatic/frame-0177.png'
00:20.671  render           | Saved: '/Users/tianxing/CodexProjects/FilmMaking/Reference/BlenderFilmStudio/experiments/b62-phase0-v0-3/animatic/frame-0178.png'
00:20.774  render           | Saved: '/Users/tianxing/CodexProjects/FilmMaking/Reference/BlenderFilmStudio/experiments/b62-phase0-v0-3/animatic/frame-0179.png'
00:20.877  render           | Saved: '/Users/tianxing/CodexProjects/FilmMaking/Reference/BlenderFilmStudio/experiments/b62-phase0-v0-3/animatic/frame-0180.png'
00:20.982  render           | Saved: '/Users/tianxing/CodexProjects/FilmMaking/Reference/BlenderFilmStudio/experiments/b62-phase0-v0-3/animatic/frame-0181.png'
00:21.087  render           | Saved: '/Users/tianxing/CodexProjects/FilmMaking/Reference/BlenderFilmStudio/experiments/b62-phase0-v0-3/animatic/frame-0182.png'
00:21.189  render           | Saved: '/Users/tianxing/CodexProjects/FilmMaking/Reference/BlenderFilmStudio/experiments/b62-phase0-v0-3/animatic/frame-0183.png'
00:21.295  render           | Saved: '/Users/tianxing/CodexProjects/FilmMaking/Reference/BlenderFilmStudio/experiments/b62-phase0-v0-3/animatic/frame-0184.png'
00:21.400  render           | Saved: '/Users/tianxing/CodexProjects/FilmMaking/Reference/BlenderFilmStudio/experiments/b62-phase0-v0-3/animatic/frame-0185.png'
00:21.503  render           | Saved: '/Users/tianxing/CodexProjects/FilmMaking/Reference/BlenderFilmStudio/experiments/b62-phase0-v0-3/animatic/frame-0186.png'
00:21.606  render           | Saved: '/Users/tianxing/CodexProjects/FilmMaking/Reference/BlenderFilmStudio/experiments/b62-phase0-v0-3/animatic/frame-0187.png'
00:21.712  render           | Saved: '/Users/tianxing/CodexProjects/FilmMaking/Reference/BlenderFilmStudio/experiments/b62-phase0-v0-3/animatic/frame-0188.png'
00:21.815  render           | Saved: '/Users/tianxing/CodexProjects/FilmMaking/Reference/BlenderFilmStudio/experiments/b62-phase0-v0-3/animatic/frame-0189.png'
00:21.915  render           | Saved: '/Users/tianxing/CodexProjects/FilmMaking/Reference/BlenderFilmStudio/experiments/b62-phase0-v0-3/animatic/frame-0190.png'
00:22.017  render           | Saved: '/Users/tianxing/CodexProjects/FilmMaking/Reference/BlenderFilmStudio/experiments/b62-phase0-v0-3/animatic/frame-0191.png'
00:22.122  render           | Saved: '/Users/tianxing/CodexProjects/FilmMaking/Reference/BlenderFilmStudio/experiments/b62-phase0-v0-3/animatic/frame-0192.png'
00:22.225  render           | Saved: '/Users/tianxing/CodexProjects/FilmMaking/Reference/BlenderFilmStudio/experiments/b62-phase0-v0-3/animatic/frame-0193.png'
00:22.326  render           | Saved: '/Users/tianxing/CodexProjects/FilmMaking/Reference/BlenderFilmStudio/experiments/b62-phase0-v0-3/animatic/frame-0194.png'
00:22.429  render           | Saved: '/Users/tianxing/CodexProjects/FilmMaking/Reference/BlenderFilmStudio/experiments/b62-phase0-v0-3/animatic/frame-0195.png'
00:22.534  render           | Saved: '/Users/tianxing/CodexProjects/FilmMaking/Reference/BlenderFilmStudio/experiments/b62-phase0-v0-3/animatic/frame-0196.png'
00:22.639  render           | Saved: '/Users/tianxing/CodexProjects/FilmMaking/Reference/BlenderFilmStudio/experiments/b62-phase0-v0-3/animatic/frame-0197.png'
00:22.742  render           | Saved: '/Users/tianxing/CodexProjects/FilmMaking/Reference/BlenderFilmStudio/experiments/b62-phase0-v0-3/animatic/frame-0198.png'
00:22.846  render           | Saved: '/Users/tianxing/CodexProjects/FilmMaking/Reference/BlenderFilmStudio/experiments/b62-phase0-v0-3/animatic/frame-0199.png'
00:22.947  render           | Saved: '/Users/tianxing/CodexProjects/FilmMaking/Reference/BlenderFilmStudio/experiments/b62-phase0-v0-3/animatic/frame-0200.png'
00:23.053  render           | Saved: '/Users/tianxing/CodexProjects/FilmMaking/Reference/BlenderFilmStudio/experiments/b62-phase0-v0-3/animatic/frame-0201.png'
00:23.158  render           | Saved: '/Users/tianxing/CodexProjects/FilmMaking/Reference/BlenderFilmStudio/experiments/b62-phase0-v0-3/animatic/frame-0202.png'
00:23.261  render           | Saved: '/Users/tianxing/CodexProjects/FilmMaking/Reference/BlenderFilmStudio/experiments/b62-phase0-v0-3/animatic/frame-0203.png'
00:23.362  render           | Saved: '/Users/tianxing/CodexProjects/FilmMaking/Reference/BlenderFilmStudio/experiments/b62-phase0-v0-3/animatic/frame-0204.png'
00:23.465  render           | Saved: '/Users/tianxing/CodexProjects/FilmMaking/Reference/BlenderFilmStudio/experiments/b62-phase0-v0-3/animatic/frame-0205.png'
00:23.565  render           | Saved: '/Users/tianxing/CodexProjects/FilmMaking/Reference/BlenderFilmStudio/experiments/b62-phase0-v0-3/animatic/frame-0206.png'
00:23.670  render           | Saved: '/Users/tianxing/CodexProjects/FilmMaking/Reference/BlenderFilmStudio/experiments/b62-phase0-v0-3/animatic/frame-0207.png'
00:23.775  render           | Saved: '/Users/tianxing/CodexProjects/FilmMaking/Reference/BlenderFilmStudio/experiments/b62-phase0-v0-3/animatic/frame-0208.png'
00:23.880  render           | Saved: '/Users/tianxing/CodexProjects/FilmMaking/Reference/BlenderFilmStudio/experiments/b62-phase0-v0-3/animatic/frame-0209.png'
00:23.982  render           | Saved: '/Users/tianxing/CodexProjects/FilmMaking/Reference/BlenderFilmStudio/experiments/b62-phase0-v0-3/animatic/frame-0210.png'
00:24.084  render           | Saved: '/Users/tianxing/CodexProjects/FilmMaking/Reference/BlenderFilmStudio/experiments/b62-phase0-v0-3/animatic/frame-0211.png'
00:24.186  render           | Saved: '/Users/tianxing/CodexProjects/FilmMaking/Reference/BlenderFilmStudio/experiments/b62-phase0-v0-3/animatic/frame-0212.png'
00:24.290  render           | Saved: '/Users/tianxing/CodexProjects/FilmMaking/Reference/BlenderFilmStudio/experiments/b62-phase0-v0-3/animatic/frame-0213.png'
00:24.392  render           | Saved: '/Users/tianxing/CodexProjects/FilmMaking/Reference/BlenderFilmStudio/experiments/b62-phase0-v0-3/animatic/frame-0214.png'
00:24.498  render           | Saved: '/Users/tianxing/CodexProjects/FilmMaking/Reference/BlenderFilmStudio/experiments/b62-phase0-v0-3/animatic/frame-0215.png'
00:24.602  render           | Saved: '/Users/tianxing/CodexProjects/FilmMaking/Reference/BlenderFilmStudio/experiments/b62-phase0-v0-3/animatic/frame-0216.png'
00:24.703  render           | Saved: '/Users/tianxing/CodexProjects/FilmMaking/Reference/BlenderFilmStudio/experiments/b62-phase0-v0-3/animatic/frame-0217.png'
00:24.808  render           | Saved: '/Users/tianxing/CodexProjects/FilmMaking/Reference/BlenderFilmStudio/experiments/b62-phase0-v0-3/animatic/frame-0218.png'
00:24.910  render           | Saved: '/Users/tianxing/CodexProjects/FilmMaking/Reference/BlenderFilmStudio/experiments/b62-phase0-v0-3/animatic/frame-0219.png'
00:25.011  render           | Saved: '/Users/tianxing/CodexProjects/FilmMaking/Reference/BlenderFilmStudio/experiments/b62-phase0-v0-3/animatic/frame-0220.png'
00:25.116  render           | Saved: '/Users/tianxing/CodexProjects/FilmMaking/Reference/BlenderFilmStudio/experiments/b62-phase0-v0-3/animatic/frame-0221.png'
00:25.220  render           | Saved: '/Users/tianxing/CodexProjects/FilmMaking/Reference/BlenderFilmStudio/experiments/b62-phase0-v0-3/animatic/frame-0222.png'
00:25.322  render           | Saved: '/Users/tianxing/CodexProjects/FilmMaking/Reference/BlenderFilmStudio/experiments/b62-phase0-v0-3/animatic/frame-0223.png'
00:25.425  render           | Saved: '/Users/tianxing/CodexProjects/FilmMaking/Reference/BlenderFilmStudio/experiments/b62-phase0-v0-3/animatic/frame-0224.png'
00:25.529  render           | Saved: '/Users/tianxing/CodexProjects/FilmMaking/Reference/BlenderFilmStudio/experiments/b62-phase0-v0-3/animatic/frame-0225.png'
00:25.630  render           | Saved: '/Users/tianxing/CodexProjects/FilmMaking/Reference/BlenderFilmStudio/experiments/b62-phase0-v0-3/animatic/frame-0226.png'
00:25.733  render           | Saved: '/Users/tianxing/CodexProjects/FilmMaking/Reference/BlenderFilmStudio/experiments/b62-phase0-v0-3/animatic/frame-0227.png'
00:25.837  render           | Saved: '/Users/tianxing/CodexProjects/FilmMaking/Reference/BlenderFilmStudio/experiments/b62-phase0-v0-3/animatic/frame-0228.png'
00:25.941  render           | Saved: '/Users/tianxing/CodexProjects/FilmMaking/Reference/BlenderFilmStudio/experiments/b62-phase0-v0-3/animatic/frame-0229.png'
00:26.045  render           | Saved: '/Users/tianxing/CodexProjects/FilmMaking/Reference/BlenderFilmStudio/experiments/b62-phase0-v0-3/animatic/frame-0230.png'
00:26.151  render           | Saved: '/Users/tianxing/CodexProjects/FilmMaking/Reference/BlenderFilmStudio/experiments/b62-phase0-v0-3/animatic/frame-0231.png'
00:26.259  render           | Saved: '/Users/tianxing/CodexProjects/FilmMaking/Reference/BlenderFilmStudio/experiments/b62-phase0-v0-3/animatic/frame-0232.png'
00:26.366  render           | Saved: '/Users/tianxing/CodexProjects/FilmMaking/Reference/BlenderFilmStudio/experiments/b62-phase0-v0-3/animatic/frame-0233.png'
00:26.470  render           | Saved: '/Users/tianxing/CodexProjects/FilmMaking/Reference/BlenderFilmStudio/experiments/b62-phase0-v0-3/animatic/frame-0234.png'
00:26.575  render           | Saved: '/Users/tianxing/CodexProjects/FilmMaking/Reference/BlenderFilmStudio/experiments/b62-phase0-v0-3/animatic/frame-0235.png'
00:26.678  render           | Saved: '/Users/tianxing/CodexProjects/FilmMaking/Reference/BlenderFilmStudio/experiments/b62-phase0-v0-3/animatic/frame-0236.png'
00:26.783  render           | Saved: '/Users/tianxing/CodexProjects/FilmMaking/Reference/BlenderFilmStudio/experiments/b62-phase0-v0-3/animatic/frame-0237.png'
00:26.886  render           | Saved: '/Users/tianxing/CodexProjects/FilmMaking/Reference/BlenderFilmStudio/experiments/b62-phase0-v0-3/animatic/frame-0238.png'
00:26.991  render           | Saved: '/Users/tianxing/CodexProjects/FilmMaking/Reference/BlenderFilmStudio/experiments/b62-phase0-v0-3/animatic/frame-0239.png'
00:27.092  render           | Saved: '/Users/tianxing/CodexProjects/FilmMaking/Reference/BlenderFilmStudio/experiments/b62-phase0-v0-3/animatic/frame-0240.png'
00:27.194  render           | Saved: '/Users/tianxing/CodexProjects/FilmMaking/Reference/BlenderFilmStudio/experiments/b62-phase0-v0-3/animatic/frame-0241.png'
00:27.299  render           | Saved: '/Users/tianxing/CodexProjects/FilmMaking/Reference/BlenderFilmStudio/experiments/b62-phase0-v0-3/animatic/frame-0242.png'
00:27.404  render           | Saved: '/Users/tianxing/CodexProjects/FilmMaking/Reference/BlenderFilmStudio/experiments/b62-phase0-v0-3/animatic/frame-0243.png'
00:27.508  render           | Saved: '/Users/tianxing/CodexProjects/FilmMaking/Reference/BlenderFilmStudio/experiments/b62-phase0-v0-3/animatic/frame-0244.png'
00:27.612  render           | Saved: '/Users/tianxing/CodexProjects/FilmMaking/Reference/BlenderFilmStudio/experiments/b62-phase0-v0-3/animatic/frame-0245.png'
00:27.714  render           | Saved: '/Users/tianxing/CodexProjects/FilmMaking/Reference/BlenderFilmStudio/experiments/b62-phase0-v0-3/animatic/frame-0246.png'
00:27.817  render           | Saved: '/Users/tianxing/CodexProjects/FilmMaking/Reference/BlenderFilmStudio/experiments/b62-phase0-v0-3/animatic/frame-0247.png'
00:27.920  render           | Saved: '/Users/tianxing/CodexProjects/FilmMaking/Reference/BlenderFilmStudio/experiments/b62-phase0-v0-3/animatic/frame-0248.png'
00:28.023  render           | Saved: '/Users/tianxing/CodexProjects/FilmMaking/Reference/BlenderFilmStudio/experiments/b62-phase0-v0-3/animatic/frame-0249.png'
00:28.125  render           | Saved: '/Users/tianxing/CodexProjects/FilmMaking/Reference/BlenderFilmStudio/experiments/b62-phase0-v0-3/animatic/frame-0250.png'
00:28.228  render           | Saved: '/Users/tianxing/CodexProjects/FilmMaking/Reference/BlenderFilmStudio/experiments/b62-phase0-v0-3/animatic/frame-0251.png'
00:28.331  render           | Saved: '/Users/tianxing/CodexProjects/FilmMaking/Reference/BlenderFilmStudio/experiments/b62-phase0-v0-3/animatic/frame-0252.png'
00:28.435  render           | Saved: '/Users/tianxing/CodexProjects/FilmMaking/Reference/BlenderFilmStudio/experiments/b62-phase0-v0-3/animatic/frame-0253.png'
00:28.536  render           | Saved: '/Users/tianxing/CodexProjects/FilmMaking/Reference/BlenderFilmStudio/experiments/b62-phase0-v0-3/animatic/frame-0254.png'
00:28.636  render           | Saved: '/Users/tianxing/CodexProjects/FilmMaking/Reference/BlenderFilmStudio/experiments/b62-phase0-v0-3/animatic/frame-0255.png'
00:28.739  render           | Saved: '/Users/tianxing/CodexProjects/FilmMaking/Reference/BlenderFilmStudio/experiments/b62-phase0-v0-3/animatic/frame-0256.png'
00:28.845  render           | Saved: '/Users/tianxing/CodexProjects/FilmMaking/Reference/BlenderFilmStudio/experiments/b62-phase0-v0-3/animatic/frame-0257.png'
00:28.948  render           | Saved: '/Users/tianxing/CodexProjects/FilmMaking/Reference/BlenderFilmStudio/experiments/b62-phase0-v0-3/animatic/frame-0258.png'
00:29.052  render           | Saved: '/Users/tianxing/CodexProjects/FilmMaking/Reference/BlenderFilmStudio/experiments/b62-phase0-v0-3/animatic/frame-0259.png'
00:29.158  render           | Saved: '/Users/tianxing/CodexProjects/FilmMaking/Reference/BlenderFilmStudio/experiments/b62-phase0-v0-3/animatic/frame-0260.png'
00:29.264  render           | Saved: '/Users/tianxing/CodexProjects/FilmMaking/Reference/BlenderFilmStudio/experiments/b62-phase0-v0-3/animatic/frame-0261.png'
00:29.370  render           | Saved: '/Users/tianxing/CodexProjects/FilmMaking/Reference/BlenderFilmStudio/experiments/b62-phase0-v0-3/animatic/frame-0262.png'
00:29.473  render           | Saved: '/Users/tianxing/CodexProjects/FilmMaking/Reference/BlenderFilmStudio/experiments/b62-phase0-v0-3/animatic/frame-0263.png'
00:29.576  render           | Saved: '/Users/tianxing/CodexProjects/FilmMaking/Reference/BlenderFilmStudio/experiments/b62-phase0-v0-3/animatic/frame-0264.png'
00:29.678  render           | Saved: '/Users/tianxing/CodexProjects/FilmMaking/Reference/BlenderFilmStudio/experiments/b62-phase0-v0-3/animatic/frame-0265.png'
00:29.781  render           | Saved: '/Users/tianxing/CodexProjects/FilmMaking/Reference/BlenderFilmStudio/experiments/b62-phase0-v0-3/animatic/frame-0266.png'
00:29.885  render           | Saved: '/Users/tianxing/CodexProjects/FilmMaking/Reference/BlenderFilmStudio/experiments/b62-phase0-v0-3/animatic/frame-0267.png'
00:29.991  render           | Saved: '/Users/tianxing/CodexProjects/FilmMaking/Reference/BlenderFilmStudio/experiments/b62-phase0-v0-3/animatic/frame-0268.png'
00:30.095  render           | Saved: '/Users/tianxing/CodexProjects/FilmMaking/Reference/BlenderFilmStudio/experiments/b62-phase0-v0-3/animatic/frame-0269.png'
00:30.198  render           | Saved: '/Users/tianxing/CodexProjects/FilmMaking/Reference/BlenderFilmStudio/experiments/b62-phase0-v0-3/animatic/frame-0270.png'
00:30.298  render           | Saved: '/Users/tianxing/CodexProjects/FilmMaking/Reference/BlenderFilmStudio/experiments/b62-phase0-v0-3/animatic/frame-0271.png'
00:30.398  render           | Saved: '/Users/tianxing/CodexProjects/FilmMaking/Reference/BlenderFilmStudio/experiments/b62-phase0-v0-3/animatic/frame-0272.png'
00:30.503  render           | Saved: '/Users/tianxing/CodexProjects/FilmMaking/Reference/BlenderFilmStudio/experiments/b62-phase0-v0-3/animatic/frame-0273.png'
00:30.606  render           | Saved: '/Users/tianxing/CodexProjects/FilmMaking/Reference/BlenderFilmStudio/experiments/b62-phase0-v0-3/animatic/frame-0274.png'
00:30.711  render           | Saved: '/Users/tianxing/CodexProjects/FilmMaking/Reference/BlenderFilmStudio/experiments/b62-phase0-v0-3/animatic/frame-0275.png'
00:30.817  render           | Saved: '/Users/tianxing/CodexProjects/FilmMaking/Reference/BlenderFilmStudio/experiments/b62-phase0-v0-3/animatic/frame-0276.png'
00:30.920  render           | Saved: '/Users/tianxing/CodexProjects/FilmMaking/Reference/BlenderFilmStudio/experiments/b62-phase0-v0-3/animatic/frame-0277.png'
00:31.024  render           | Saved: '/Users/tianxing/CodexProjects/FilmMaking/Reference/BlenderFilmStudio/experiments/b62-phase0-v0-3/animatic/frame-0278.png'
00:31.128  render           | Saved: '/Users/tianxing/CodexProjects/FilmMaking/Reference/BlenderFilmStudio/experiments/b62-phase0-v0-3/animatic/frame-0279.png'
00:31.234  render           | Saved: '/Users/tianxing/CodexProjects/FilmMaking/Reference/BlenderFilmStudio/experiments/b62-phase0-v0-3/animatic/frame-0280.png'
00:31.339  render           | Saved: '/Users/tianxing/CodexProjects/FilmMaking/Reference/BlenderFilmStudio/experiments/b62-phase0-v0-3/animatic/frame-0281.png'
00:31.445  render           | Saved: '/Users/tianxing/CodexProjects/FilmMaking/Reference/BlenderFilmStudio/experiments/b62-phase0-v0-3/animatic/frame-0282.png'
00:31.553  render           | Saved: '/Users/tianxing/CodexProjects/FilmMaking/Reference/BlenderFilmStudio/experiments/b62-phase0-v0-3/animatic/frame-0283.png'
00:31.659  render           | Saved: '/Users/tianxing/CodexProjects/FilmMaking/Reference/BlenderFilmStudio/experiments/b62-phase0-v0-3/animatic/frame-0284.png'
00:31.762  render           | Saved: '/Users/tianxing/CodexProjects/FilmMaking/Reference/BlenderFilmStudio/experiments/b62-phase0-v0-3/animatic/frame-0285.png'
00:31.866  render           | Saved: '/Users/tianxing/CodexProjects/FilmMaking/Reference/BlenderFilmStudio/experiments/b62-phase0-v0-3/animatic/frame-0286.png'
00:31.969  render           | Saved: '/Users/tianxing/CodexProjects/FilmMaking/Reference/BlenderFilmStudio/experiments/b62-phase0-v0-3/animatic/frame-0287.png'
00:32.070  render           | Saved: '/Users/tianxing/CodexProjects/FilmMaking/Reference/BlenderFilmStudio/experiments/b62-phase0-v0-3/animatic/frame-0288.png'
BFS_B62_PHASE0_ANIMATIC_OK 288 afc2b8553565d680437451ebf0202cd50a781ac1264ba108501e7f5f2b9fba21
Blender 5.2.0 LTS (hash fbe6228777e7 built 2026-07-14 01:31:22)

Blender quit
