Input #0, image2, from '/Users/tianxing/CodexProjects/FilmMaking/Reference/BlenderFilmStudio/experiments/b62-phase0-v0-3/animatic/frame-%04d.png':
  Duration: 00:00:12.00, start: 0.000000, bitrate: N/A
  Stream #0:0: Video: png, rgba(pc, gbr/bt709/iec61966-2-1), 640x360 [SAR 2834:2834 DAR 16:9], 24 fps, 24 tbr, 24 tbn
Stream mapping:
  Stream #0:0 -> #0:0 (png (native) -> h264 (libx264))
[libx264 @ 0x750c10a80] using SAR=1/1
[libx264 @ 0x750c10a80] using cpu capabilities: ARMv8 NEON DotProd I8MM
[libx264 @ 0x750c10a80] profile High, level 3.0, 4:2:0, 8-bit
[libx264 @ 0x750c10a80] 264 - core 165 r3222 b35605a - H.264/MPEG-4 AVC codec - Copyleft 2003-2025 - http://www.videolan.org/x264.html - options: cabac=1 ref=3 deblock=1:0:0 analyse=0x3:0x113 me=hex subme=7 psy=1 psy_rd=1.00:0.00 mixed_ref=1 me_range=16 chroma_me=1 trellis=1 8x8dct=1 cqm=0 deadzone=21,11 fast_pskip=1 chroma_qp_offset=-2 threads=11 lookahead_threads=1 sliced_threads=0 nr=0 decimate=1 interlaced=0 bluray_compat=0 constrained_intra=0 bframes=3 b_pyramid=2 b_adapt=1 b_bias=0 direct=1 weightb=1 open_gop=0 weightp=2 keyint=250 keyint_min=24 scenecut=40 intra_refresh=0 rc_lookahead=40 rc=crf mbtree=1 crf=23.0 qcomp=0.60 qpmin=0 qpmax=69 qpstep=4 ip_ratio=1.40 aq=1:1.00
Output #0, mp4, to '/Users/tianxing/CodexProjects/FilmMaking/Reference/BlenderFilmStudio/experiments/b62-phase0-v0-3/animatic/B62_PHASE0_ANIMATIC.mp4':
  Metadata:
    encoder         : Lavf62.12.102
  Stream #0:0: Video: h264 (avc1 / 0x31637661), yuv420p(tv, unknown/bt709/iec61966-2-1, progressive), 640x360 [SAR 1:1 DAR 16:9], q=2-31, 24 fps, 12288 tbn
    Metadata:
      encoder         : Lavc62.28.102 libx264
    Side data:
      EXIF metadata: (54 bytes)
      CPB properties: bitrate max/min/avg: 0/0/0 buffer size: 0 vbv_delay: N/A
[mp4 @ 0x75102c280] Starting second pass: moving the moov atom to the beginning of the file
[out#0/mp4 @ 0x750c14240] video:61KiB audio:0KiB subtitle:0KiB other streams:0KiB global headers:0KiB muxing overhead: 6.886194%
frame=  288 fps=0.0 q=-1.0 Lsize=      66KiB time=00:00:11.91 bitrate=  45.2kbits/s speed=87.9x elapsed=0:00:00.13    
[libx264 @ 0x750c10a80] frame I:2     Avg QP:13.33  size: 22589
[libx264 @ 0x750c10a80] frame P:73    Avg QP:13.29  size:   159
[libx264 @ 0x750c10a80] frame B:213   Avg QP:30.32  size:    25
[libx264 @ 0x750c10a80] consecutive B-frames:  1.4%  0.0%  0.0% 98.6%
[libx264 @ 0x750c10a80] mb I  I16..4: 14.1% 47.7% 38.2%
[libx264 @ 0x750c10a80] mb P  I16..4:  0.0%  0.2%  0.0%  P16..4:  4.6%  0.1%  0.4%  0.0%  0.0%    skip:94.7%
[libx264 @ 0x750c10a80] mb B  I16..4:  0.0%  0.0%  0.0%  B16..8:  0.7%  0.0%  0.0%  direct: 0.0%  skip:99.3%  L0:32.6% L1:67.4% BI: 0.0%
[libx264 @ 0x750c10a80] 8x8 transform intra:51.1% inter:99.8%
[libx264 @ 0x750c10a80] coded y,uvDC,uvAC intra: 71.7% 82.2% 75.1% inter: 0.6% 0.3% 0.0%
[libx264 @ 0x750c10a80] i16 v,h,dc,p: 17% 22%  3% 59%
[libx264 @ 0x750c10a80] i8 v,h,dc,ddl,ddr,vr,hd,vl,hu: 22% 21% 33%  6%  3%  4%  4%  4%  4%
[libx264 @ 0x750c10a80] i4 v,h,dc,ddl,ddr,vr,hd,vl,hu: 33% 31% 12%  5%  4%  3%  4%  5%  3%
[libx264 @ 0x750c10a80] i8c dc,h,v,p: 38% 28% 23% 12%
[libx264 @ 0x750c10a80] Weighted P-Frames: Y:0.0% UV:0.0%
[libx264 @ 0x750c10a80] ref P L0: 97.6%  0.0%  2.0%  0.4%
[libx264 @ 0x750c10a80] ref B L0: 35.4% 64.6%
[libx264 @ 0x750c10a80] ref B L1: 94.9%  5.1%
[libx264 @ 0x750c10a80] kb/s:41.49
real 0.18
user 1.23
sys 0.17
           138674176  maximum resident set size
                   0  average shared memory size
                   0  average unshared data size
                   0  average unshared stack size
                8583  page reclaims
                 294  page faults
                   0  swaps
                   0  block input operations
                   0  block output operations
                  95  messages sent
                   0  messages received
                   0  signals received
                  18  voluntary context switches
               18128  involuntary context switches
         17347451868  instructions retired
          5268456797  cycles elapsed
           125518448  peak memory footprint
