real 0.05
user 0.04
sys 0.00
            19169280  maximum resident set size
                   0  average shared memory size
                   0  average unshared data size
                   0  average unshared stack size
                1386  page reclaims
                 133  page faults
                   0  swaps
                   0  block input operations
                   0  block output operations
                   2  messages sent
                   0  messages received
                   0  signals received
                   0  voluntary context switches
                  55  involuntary context switches
           993945734  instructions retired
           205606153  cycles elapsed
             6734328  peak memory footprint
