real 35.02
user 486.43
sys 3.52
          3761799168  maximum resident set size
                   0  average shared memory size
                   0  average unshared data size
                   0  average unshared stack size
              234236  page reclaims
                  50  page faults
                   0  swaps
                   0  block input operations
                   0  block output operations
                  11  messages sent
                   0  messages received
                   0  signals received
                   4  voluntary context switches
              482941  involuntary context switches
       5416350724376  instructions retired
       1699620208854  cycles elapsed
          3613216464  peak memory footprint
