real 41.13
user 577.09
sys 3.85
          3763552256  maximum resident set size
                   0  average shared memory size
                   0  average unshared data size
                   0  average unshared stack size
              234275  page reclaims
                   0  page faults
                   0  swaps
                   0  block input operations
                   0  block output operations
                  11  messages sent
                   0  messages received
                   0  signals received
                  10  voluntary context switches
              573879  involuntary context switches
       6090966847613  instructions retired
       2005930229909  cycles elapsed
          3614887656  peak memory footprint
