real 44.91
user 634.02
sys 4.08
          3753639936  maximum resident set size
                   0  average shared memory size
                   0  average unshared data size
                   0  average unshared stack size
              233727  page reclaims
                   0  page faults
                   0  swaps
                   0  block input operations
                   0  block output operations
                  11  messages sent
                   0  messages received
                   0  signals received
                   2  voluntary context switches
              627312  involuntary context switches
       6780179603147  instructions retired
       2235688573411  cycles elapsed
          3605139200  peak memory footprint
