/Users/tianxing/CodexProjects/FilmMaking/Reference/BlenderFilmStudio/blender/audit_b62_phase0.py:167: DeprecationWarning: 'Material.use_nodes' is expected to be removed in Blender 6.0
  if not mat.use_nodes or mat.node_tree is None:
BFS_B62_PHASE0_BLENDER_AUDIT_ERROR RuntimeError: Independent Blender audit failed: ['masterExternalLibrariesZero', 'assetLibrariesSafe']
real 1.91
user 1.80
sys 0.12
           437747712  maximum resident set size
                   0  average shared memory size
                   0  average unshared data size
                   0  average unshared stack size
               30257  page reclaims
                   1  page faults
                   0  swaps
                   0  block input operations
                   0  block output operations
                  10  messages sent
                   0  messages received
                   0  signals received
                   1  voluntary context switches
                2995  involuntary context switches
         30153403339  instructions retired
          7601113332  cycles elapsed
           315557184  peak memory footprint
