real 0.89
user 1.25
sys 0.08
           509968384  maximum resident set size
                   0  average shared memory size
                   0  average unshared data size
                   0  average unshared stack size
               34551  page reclaims
                   1  page faults
                   0  swaps
                   0  block input operations
                   0  block output operations
                  10  messages sent
                   0  messages received
                   0  signals received
                  14  voluntary context switches
                2190  involuntary context switches
         16648633210  instructions retired
          5177564047  cycles elapsed
           387712392  peak memory footprint
