real 0.00
user 0.00
sys 0.00
             8339456  maximum resident set size
                   0  average shared memory size
                   0  average unshared data size
                   0  average unshared stack size
                 674  page reclaims
                   1  page faults
                   0  swaps
                   0  block input operations
                   0  block output operations
                  46  messages sent
                   0  messages received
                   0  signals received
                   0  voluntary context switches
                   8  involuntary context switches
            42994933  instructions retired
            24442956  cycles elapsed
             6275336  peak memory footprint
