real 5.02
user 27.64
sys 0.49
          4158046208  maximum resident set size
                   0  average shared memory size
                   0  average unshared data size
                   0  average unshared stack size
              257210  page reclaims
                   0  page faults
                   0  swaps
                   0  block input operations
                   0  block output operations
                   0  messages sent
                   0  messages received
                   0  signals received
                   0  voluntary context switches
                5422  involuntary context switches
        415859379541  instructions retired
        109834883864  cycles elapsed
          4015919688  peak memory footprint
