real 4.58
user 1.19
sys 0.30
           447709184  maximum resident set size
                   0  average shared memory size
                   0  average unshared data size
                   0  average unshared stack size
               32968  page reclaims
                 387  page faults
                   0  swaps
                   0  block input operations
                   0  block output operations
                  12  messages sent
                   0  messages received
                   0  signals received
                  15  voluntary context switches
                4340  involuntary context switches
         16415986611  instructions retired
          5032946449  cycles elapsed
          1406437032  peak memory footprint
