real 0.63
user 0.46
sys 0.07
           240713728  maximum resident set size
                   0  average shared memory size
                   0  average unshared data size
                   0  average unshared stack size
               17848  page reclaims
                   0  page faults
                   0  swaps
                   0  block input operations
                   0  block output operations
                   8  messages sent
                   0  messages received
                   0  signals received
                   0  voluntary context switches
                1318  involuntary context switches
          5443993921  instructions retired
          1859762665  cycles elapsed
           125273240  peak memory footprint
