real 1.88
user 9.81
sys 0.18
           376766464  maximum resident set size
                   0  average shared memory size
                   0  average unshared data size
                   0  average unshared stack size
               26528  page reclaims
                  10  page faults
                   0  swaps
                   0  block input operations
                   0  block output operations
                  12  messages sent
                   0  messages received
                   0  signals received
                   4  voluntary context switches
               11105  involuntary context switches
        103237913604  instructions retired
         32519088650  cycles elapsed
           257361336  peak memory footprint
