real 0.96
user 0.74
sys 0.12
           277757952  maximum resident set size
                   0  average shared memory size
                   0  average unshared data size
                   0  average unshared stack size
               20395  page reclaims
                 231  page faults
                   0  swaps
                   0  block input operations
                   0  block output operations
                  10  messages sent
                   0  messages received
                   0  signals received
                 138  voluntary context switches
                1660  involuntary context switches
          8936639897  instructions retired
          2991128335  cycles elapsed
           157238496  peak memory footprint
