real 3.44
user 1.25
sys 0.21
           268877824  maximum resident set size
                   0  average shared memory size
                   0  average unshared data size
                   0  average unshared stack size
               19583  page reclaims
                   2  page faults
                   0  swaps
                   0  block input operations
                   0  block output operations
                   6  messages sent
                   0  messages received
                   0  signals received
                  17  voluntary context switches
                1835  involuntary context switches
         16007236778  instructions retired
          4946961077  cycles elapsed
           152061056  peak memory footprint
