git lfs install --skip-repo
Git LFS initialized.

Updating Blender Git LFS
========================

git lfs pull

Configuring Precompiled Libraries
=================================

Detected platform     : macos
Detected architecture : arm64

* Enabling precompiled libraries at lib/macos_arm64

Updating Libraries
==================

* Skipping lib/linux_x64
* Updating lib/macos_arm64 ...
GIT_LFS_SKIP_SMUDGE=1 git submodule update --init --progress lib/macos_arm64
Submodule path 'lib/macos_arm64': checked out '5a140a8ccc8c070221b1b06e2c6f89f136c5758d'
git -C lib/macos_arm64 lfs pull
* Skipping lib/windows_x64
* Skipping lib/windows_arm64
Setting pushURL to git@git.blender.org:blender/lib-macos_arm64.git for lib/macos_arm64

Update finished with the following messages
===========================================

Blender repository skipped: no remote branch to pull from
