real 53.05
user 11.75
sys 13.46
           284016640  maximum resident set size
                   0  average shared memory size
                   0  average unshared data size
                   0  average unshared stack size
              161463  page reclaims
                1386  page faults
                   0  swaps
                   0  block input operations
                   0  block output operations
               70708  messages sent
               63700  messages received
                7618  signals received
              103474  voluntary context switches
              619165  involuntary context switches
            59748719  instructions retired
            30766525  cycles elapsed
             1278144  peak memory footprint
