real 0.70
user 0.54
sys 0.07
           250658816  maximum resident set size
                   0  average shared memory size
                   0  average unshared data size
                   0  average unshared stack size
               18411  page reclaims
                   0  page faults
                   0  swaps
                   0  block input operations
                   0  block output operations
                   5  messages sent
                   0  messages received
                   0  signals received
                   7  voluntary context switches
                1786  involuntary context switches
          6359740545  instructions retired
          2196546307  cycles elapsed
           131155096  peak memory footprint
