real 3.47
user 1.28
sys 0.24
           276447232  maximum resident set size
                   0  average shared memory size
                   0  average unshared data size
                   0  average unshared stack size
               20368  page reclaims
                   0  page faults
                   0  swaps
                   0  block input operations
                   0  block output operations
                   5  messages sent
                   0  messages received
                   0  signals received
                   5  voluntary context switches
                1572  involuntary context switches
         16105071884  instructions retired
          5196648168  cycles elapsed
           156959896  peak memory footprint
