real 0.67
user 0.51
sys 0.07
           250298368  maximum resident set size
                   0  average shared memory size
                   0  average unshared data size
                   0  average unshared stack size
               18387  page reclaims
                   0  page faults
                   0  swaps
                   0  block input operations
                   0  block output operations
                   5  messages sent
                   0  messages received
                   0  signals received
                   0  voluntary context switches
                1191  involuntary context switches
          6173382664  instructions retired
          2104974863  cycles elapsed
           131450008  peak memory footprint
