real 0.73
user 0.57
sys 0.08
           263667712  maximum resident set size
                   0  average shared memory size
                   0  average unshared data size
                   0  average unshared stack size
               19250  page reclaims
                   0  page faults
                   0  swaps
                   0  block input operations
                   0  block output operations
                   5  messages sent
                   0  messages received
                   0  signals received
                   0  voluntary context switches
                1378  involuntary context switches
          6629212730  instructions retired
          2305940288  cycles elapsed
           144475264  peak memory footprint
