real 0.67
user 0.52
sys 0.07
           249806848  maximum resident set size
                   0  average shared memory size
                   0  average unshared data size
                   0  average unshared stack size
               18365  page reclaims
                   0  page faults
                   0  swaps
                   0  block input operations
                   0  block output operations
                   5  messages sent
                   0  messages received
                   0  signals received
                   0  voluntary context switches
                1374  involuntary context switches
          6177263107  instructions retired
          2095466866  cycles elapsed
           130860160  peak memory footprint
