real 0.67
user 0.50
sys 0.07
           243367936  maximum resident set size
                   0  average shared memory size
                   0  average unshared data size
                   0  average unshared stack size
               17954  page reclaims
                   0  page faults
                   0  swaps
                   0  block input operations
                   0  block output operations
                   5  messages sent
                   0  messages received
                   0  signals received
                   0  voluntary context switches
                1317  involuntary context switches
          5734664761  instructions retired
          2030998648  cycles elapsed
           126321792  peak memory footprint
