real 0.46
user 0.35
sys 0.05
           239124480  maximum resident set size
                   0  average shared memory size
                   0  average unshared data size
                   0  average unshared stack size
               17648  page reclaims
                   0  page faults
                   0  swaps
                   0  block input operations
                   0  block output operations
                   3  messages sent
                   0  messages received
                   0  signals received
                   0  voluntary context switches
                 910  involuntary context switches
          5592714993  instructions retired
          1713261985  cycles elapsed
           121144472  peak memory footprint
