real 65.56
user 0.01
sys 0.01
             6995968  maximum resident set size
                   0  average shared memory size
                   0  average unshared data size
                   0  average unshared stack size
                 887  page reclaims
                   6  page faults
                   0  swaps
                   0  block input operations
                   0  block output operations
                   3  messages sent
                   0  messages received
                   0  signals received
                  10  voluntary context switches
                 482  involuntary context switches
            86283054  instructions retired
            55845246  cycles elapsed
             3260800  peak memory footprint
