real 0.00
user 0.00
sys 0.00
             8290304  maximum resident set size
                   0  average shared memory size
                   0  average unshared data size
                   0  average unshared stack size
                 669  page reclaims
                   1  page faults
                   0  swaps
                   0  block input operations
                   0  block output operations
                  46  messages sent
                   0  messages received
                   0  signals received
                   1  voluntary context switches
                  12  involuntary context switches
            43065942  instructions retired
            23999611  cycles elapsed
             6242592  peak memory footprint
