real 0.36
user 0.00
sys 0.00
             9191424  maximum resident set size
                   0  average shared memory size
                   0  average unshared data size
                   0  average unshared stack size
                 736  page reclaims
                   1  page faults
                   0  swaps
                   0  block input operations
                   0  block output operations
                   1  messages sent
                   0  messages received
                   0  signals received
                   8  voluntary context switches
                  39  involuntary context switches
            47002499  instructions retired
            24013868  cycles elapsed
             5669248  peak memory footprint
