real 0.71
user 0.55
sys 0.08
           252035072  maximum resident set size
                   0  average shared memory size
                   0  average unshared data size
                   0  average unshared stack size
               18504  page reclaims
                   0  page faults
                   0  swaps
                   0  block input operations
                   0  block output operations
                   5  messages sent
                   0  messages received
                   0  signals received
                   0  voluntary context switches
                1808  involuntary context switches
          6366300215  instructions retired
          2224149296  cycles elapsed
           132547712  peak memory footprint
