real 3.53
user 1.31
sys 0.24
           273793024  maximum resident set size
                   0  average shared memory size
                   0  average unshared data size
                   0  average unshared stack size
               20189  page reclaims
                   0  page faults
                   0  swaps
                   0  block input operations
                   0  block output operations
                   5  messages sent
                   0  messages received
                   0  signals received
                   6  voluntary context switches
                1927  involuntary context switches
         16128610515  instructions retired
          5334726937  cycles elapsed
           154289328  peak memory footprint
