real 0.68
user 0.53
sys 0.06
           249495552  maximum resident set size
                   0  average shared memory size
                   0  average unshared data size
                   0  average unshared stack size
               18328  page reclaims
                   0  page faults
                   0  swaps
                   0  block input operations
                   0  block output operations
                   5  messages sent
                   0  messages received
                   0  signals received
                   0  voluntary context switches
                1490  involuntary context switches
          6169139672  instructions retired
          2061672405  cycles elapsed
           130598040  peak memory footprint
