real 0.74
user 0.58
sys 0.08
           262602752  maximum resident set size
                   0  average shared memory size
                   0  average unshared data size
                   0  average unshared stack size
               19193  page reclaims
                   0  page faults
                   0  swaps
                   0  block input operations
                   0  block output operations
                   5  messages sent
                   0  messages received
                   0  signals received
                   0  voluntary context switches
                1690  involuntary context switches
          6633434984  instructions retired
          2306471756  cycles elapsed
           143508656  peak memory footprint
