real 0.69
user 0.53
sys 0.07
           249200640  maximum resident set size
                   0  average shared memory size
                   0  average unshared data size
                   0  average unshared stack size
               18306  page reclaims
                   0  page faults
                   0  swaps
                   0  block input operations
                   0  block output operations
                   5  messages sent
                   0  messages received
                   0  signals received
                   0  voluntary context switches
                1223  involuntary context switches
          6176958532  instructions retired
          2113434323  cycles elapsed
           130335896  peak memory footprint
