real 0.69
user 0.50
sys 0.07
           243122176  maximum resident set size
                   0  average shared memory size
                   0  average unshared data size
                   0  average unshared stack size
               17949  page reclaims
                   0  page faults
                   0  swaps
                   0  block input operations
                   0  block output operations
                   5  messages sent
                   0  messages received
                   0  signals received
                   0  voluntary context switches
                1470  involuntary context switches
          5730370493  instructions retired
          2016439572  cycles elapsed
           126059648  peak memory footprint
