Traceback (most recent call last):
  File "/Users/tianxing/CodexProjects/FilmMaking/Reference/BlenderFilmStudio/blender/render_b61_frames.py", line 323, in <module>
    main()
    ~~~~^^
  File "/Users/tianxing/CodexProjects/FilmMaking/Reference/BlenderFilmStudio/blender/render_b61_frames.py", line 260, in main
    bpy.data.images["Render Result"].save_render(filepath=str(png_path), scene=review_scene)
    ~~~~~~~~~~~~~~~~~~~~~~~~~~~~~~~~~~~~~~~~~~~~^^^^^^^^^^^^^^^^^^^^^^^^^^^^^^^^^^^^^^^^^^^^
RuntimeError: Error: Image 'Render Result' does not have any image data


Error: script failed, file: '/Users/tianxing/CodexProjects/FilmMaking/Reference/BlenderFilmStudio/blender/render_b61_frames.py', exiting.
real 5.42
user 28.06
sys 0.52
          4167548928  maximum resident set size
                   0  average shared memory size
                   0  average unshared data size
                   0  average unshared stack size
              268069  page reclaims
                   0  page faults
                   0  swaps
                   0  block input operations
                   0  block output operations
                  15  messages sent
                   0  messages received
                   0  signals received
                   5  voluntary context switches
                7505  involuntary context switches
        422561228860  instructions retired
        111601893327  cycles elapsed
          4022325760  peak memory footprint
