real 3.54
user 15.64
sys 0.49
          4159160320  maximum resident set size
                   0  average shared memory size
                   0  average unshared data size
                   0  average unshared stack size
              257284  page reclaims
                   0  page faults
                   0  swaps
                   0  block input operations
                   0  block output operations
                   0  messages sent
                   0  messages received
                   0  signals received
                   0  voluntary context switches
                5158  involuntary context switches
        250907880134  instructions retired
         62965315724  cycles elapsed
          4017033776  peak memory footprint
