real 46.91
user 278.54
sys 31.46
          1069449216  maximum resident set size
                   0  average shared memory size
                   0  average unshared data size
                   0  average unshared stack size
             4862857  page reclaims
               77443  page faults
                   0  swaps
                   0  block input operations
                   0  block output operations
                 485  messages sent
                   0  messages received
                 995  signals received
                7941  voluntary context switches
              325973  involuntary context switches
            62341485  instructions retired
            30503986  cycles elapsed
             1310912  peak memory footprint
