/Users/tianxing/CodexProjects/FilmMaking/Reference/BlenderFilmStudio/blender/generate_b62_phase0_assets.py:133: DeprecationWarning: 'Material.use_nodes' is expected to be removed in Blender 6.0
  mat.use_nodes = True
/Users/tianxing/CodexProjects/FilmMaking/Reference/BlenderFilmStudio/blender/generate_b62_phase0_assets.py:365: DeprecationWarning: 'Material.use_nodes' is expected to be removed in Blender 6.0
  volume_mat.use_nodes = True
/Users/tianxing/CodexProjects/FilmMaking/Reference/BlenderFilmStudio/blender/generate_b62_phase0_assets.py:557: DeprecationWarning: 'Material.use_nodes' is expected to be removed in Blender 6.0
  if not mat.use_nodes or mat.node_tree is None:
/Users/tianxing/CodexProjects/FilmMaking/Reference/BlenderFilmStudio/blender/generate_b62_phase0_assets.py:529: DeprecationWarning: 'World.use_nodes' is expected to be removed in Blender 6.0
  scene.world.use_nodes = True
BFS_B62_PHASE0_GENERATION_ERROR TypeError: bpy_struct: item.attr = val: enum "OPEN_EXR_MULTILAYER" not found in ('AVIF', 'JPEG', 'OPEN_EXR', 'PNG', 'WEBP', 'BMP', 'CINEON', 'DPX', 'IRIS', 'JPEG2000', 'HDR', 'TARGA', 'TARGA_RAW', 'TIFF')
real 0.74
user 1.01
sys 0.73
           260882432  maximum resident set size
                   0  average shared memory size
                   0  average unshared data size
                   0  average unshared stack size
               18998  page reclaims
                  23  page faults
                   0  swaps
                   0  block input operations
                   0  block output operations
                  12  messages sent
                   0  messages received
                   0  signals received
                 338  voluntary context switches
               23041  involuntary context switches
         10849628257  instructions retired
          6558370762  cycles elapsed
           142263520  peak memory footprint
