Traceback (most recent call last):
  File "/Users/tianxing/CodexProjects/FilmMaking/Reference/BlenderFilmStudio/blender/render_b61_frames.py", line 304, in <module>
    main()
    ~~~~^^
  File "/Users/tianxing/CodexProjects/FilmMaking/Reference/BlenderFilmStudio/blender/render_b61_frames.py", line 245, in main
    scene.render.image_settings.file_format = "PNG"
    ^^^^^^^^^^^^^^^^^^^^^^^^^^^^^^^^^^^^^^^
TypeError: bpy_struct: item.attr = val: enum "PNG" not found in ('OPEN_EXR_MULTILAYER')

Error: script failed, file: '/Users/tianxing/CodexProjects/FilmMaking/Reference/BlenderFilmStudio/blender/render_b61_frames.py', exiting.
real 5.43
user 28.01
sys 0.66
          4169891840  maximum resident set size
                   0  average shared memory size
                   0  average unshared data size
                   0  average unshared stack size
              268052  page reclaims
                   0  page faults
                   0  swaps
                   0  block input operations
                   0  block output operations
                  15  messages sent
                   0  messages received
                   0  signals received
                 105  voluntary context switches
               12885  involuntary context switches
        422917874952  instructions retired
        112303259896  cycles elapsed
          4024635928  peak memory footprint
