real 25.27
user 160.63
sys 1.43
          4501520384  maximum resident set size
                   0  average shared memory size
                   0  average unshared data size
                   0  average unshared stack size
              710571  page reclaims
                   0  page faults
                   0  swaps
                   0  block input operations
                   0  block output operations
                  13  messages sent
                   0  messages received
                   0  signals received
                  25  voluntary context switches
               27348  involuntary context switches
       2471207344579  instructions retired
        628448571993  cycles elapsed
          4351496968  peak memory footprint
