real 25.22
user 160.43
sys 1.49
          4528422912  maximum resident set size
                   0  average shared memory size
                   0  average unshared data size
                   0  average unshared stack size
              712051  page reclaims
                   4  page faults
                   0  swaps
                   0  block input operations
                   0  block output operations
                  13  messages sent
                   0  messages received
                   0  signals received
                  26  voluntary context switches
               28991  involuntary context switches
       2471361715131  instructions retired
        630268466853  cycles elapsed
          4378432264  peak memory footprint
