real 20.07
user 121.09
sys 1.40
          4539826176  maximum resident set size
                   0  average shared memory size
                   0  average unshared data size
                   0  average unshared stack size
              712824  page reclaims
                   0  page faults
                   0  swaps
                   0  block input operations
                   0  block output operations
                  13  messages sent
                   0  messages received
                   0  signals received
                  24  voluntary context switches
               30700  involuntary context switches
       1857914632865  instructions retired
        478126837017  cycles elapsed
          4391408416  peak memory footprint
