real 15.39
user 85.04
sys 1.35
          4507140096  maximum resident set size
                   0  average shared memory size
                   0  average unshared data size
                   0  average unshared stack size
              710506  page reclaims
                   0  page faults
                   0  swaps
                   0  block input operations
                   0  block output operations
                  13  messages sent
                   0  messages received
                   0  signals received
                  26  voluntary context switches
               21325  involuntary context switches
       1271438788977  instructions retired
        337015748975  cycles elapsed
          4358755080  peak memory footprint
