Executable=/Users/mengyingli/Applications/Film Studio Engine F0.app/Contents/MacOS/Blender
Identifier=Blender
Format=app bundle with Mach-O thin (arm64)
CodeDirectory v=20400 size=1413248 flags=0x20002(adhoc,linker-signed) hashes=44161+0 location=embedded
VersionPlatform=1
VersionMin=721408
VersionSDK=1704448
Hash type=sha256 size=32
CandidateCDHash sha256=28c55daa7356aafae1de86de3a3331bb5b4fdd0f
CandidateCDHashFull sha256=28c55daa7356aafae1de86de3a3331bb5b4fdd0f9c2002a80f2dfbc1298f58fe
Hash choices=sha256
CMSDigest=28c55daa7356aafae1de86de3a3331bb5b4fdd0f9c2002a80f2dfbc1298f58fe
CMSDigestType=2
Executable Segment base=0
Executable Segment limit=96095340
Executable Segment flags=0x1
Page size=4096
CDHash=28c55daa7356aafae1de86de3a3331bb5b4fdd0f
Signature=adhoc
Info.plist=not bound
TeamIdentifier=not set
Sealed Resources=none
Internal requirements=none
