real 0.34
user 0.00
sys 0.00
             9158656  maximum resident set size
                   0  average shared memory size
                   0  average unshared data size
                   0  average unshared stack size
                 734  page reclaims
                   1  page faults
                   0  swaps
                   0  block input operations
                   0  block output operations
                   1  messages sent
                   0  messages received
                   0  signals received
                   2  voluntary context switches
                  33  involuntary context switches
            46647161  instructions retired
            21058402  cycles elapsed
             5620072  peak memory footprint
