real 3.37
user 1.23
sys 0.20
           267485184  maximum resident set size
                   0  average shared memory size
                   0  average unshared data size
                   0  average unshared stack size
               19468  page reclaims
                   0  page faults
                   0  swaps
                   0  block input operations
                   0  block output operations
                   3  messages sent
                   0  messages received
                   0  signals received
                  12  voluntary context switches
                1593  involuntary context switches
         16031521660  instructions retired
          4902482392  cycles elapsed
           148833456  peak memory footprint
